../Core/Src/main.c:76:5:main	128	static
../Core/Src/main.c:188:6:SystemClock_Config	72	static
../Core/Src/main.c:225:13:MX_TIM1_Init	32	static
../Core/Src/main.c:271:13:MX_TIM2_Init	32	static
../Core/Src/main.c:316:13:MX_TIM3_Init	32	static
../Core/Src/main.c:361:13:MX_USART1_UART_Init	8	static
../Core/Src/main.c:394:13:MX_GPIO_Init	40	static
../Core/Src/main.c:459:6:StartDefaultTask	16	static
../Core/Src/main.c:473:6:StartDefaultTask2	16	static
../Core/Src/main.c:490:6:Error_Handler	4	static,ignoring_inline_asm
