../Core/Src/user-gpio.c:11:6:user_gpio_led_off_all	8	static
../Core/Src/user-gpio.c:19:6:user_gpio_led_on_all	8	static
../Core/Src/user-gpio.c:27:6:user_gpio_led_on_yellow	8	static
../Core/Src/user-gpio.c:32:6:user_gpio_led_off_yellow	8	static
../Core/Src/user-gpio.c:37:6:user_gpio_led_on_red	8	static
../Core/Src/user-gpio.c:42:6:user_gpio_led_off_red	8	static
../Core/Src/user-gpio.c:47:6:user_gpio_led_on_blue	8	static
../Core/Src/user-gpio.c:52:6:user_gpio_led_off_blue	8	static
../Core/Src/user-gpio.c:57:6:user_gpio_led_toggle_delay	16	static
../Core/Src/user-gpio.c:70:6:user_gpio_fnd_off_all	8	static
../Core/Src/user-gpio.c:76:6:user_gpio_fnd_clear	8	static
../Core/Src/user-gpio.c:87:6:user_gpio_fnd_on_all	8	static
../Core/Src/user-gpio.c:97:6:user_gpio_fnd_test	16	static
../Core/Src/user-gpio.c:138:6:user_gpio_fnd_digit	48	static
../Core/Src/user-gpio.c:147:6:user_gpio_fnd_on_1	8	static
../Core/Src/user-gpio.c:153:6:user_gpio_fnd_on_2	8	static
../Core/Src/user-gpio.c:159:6:user_gpio_fnd_on_3	8	static
../Core/Src/user-gpio.c:165:6:user_gpio_fnd_on_4	8	static
../Core/Src/user-gpio.c:171:6:user_gpio_fnd_on_5	8	static
../Core/Src/user-gpio.c:177:6:user_gpio_fnd_on_6	8	static
../Core/Src/user-gpio.c:183:6:user_gpio_fnd_on_7	8	static
../Core/Src/user-gpio.c:189:6:user_gpio_fnd_on_8	8	static
../Core/Src/user-gpio.c:195:6:user_gpio_fnd_on_9	8	static
../Core/Src/user-gpio.c:201:6:user_gpio_fnd_on_0	8	static
