Archive member included to satisfy reference by file (symbol)

C:/ST/STM32CubeIDE_1.15.0/STM32CubeIDE/plugins/com.st.stm32cube.ide.mcu.externaltools.gnu-tools-for-stm32.12.3.rel1.win32_1.0.100.202403111256/tools/bin/../lib/gcc/arm-none-eabi/12.3.1/../../../../arm-none-eabi/lib/thumb/v7-m/nofp\libc_nano.a(libc_a-exit.o)
                              C:/ST/STM32CubeIDE_1.15.0/STM32CubeIDE/plugins/com.st.stm32cube.ide.mcu.externaltools.gnu-tools-for-stm32.12.3.rel1.win32_1.0.100.202403111256/tools/bin/../lib/gcc/arm-none-eabi/12.3.1/../../../../arm-none-eabi/lib/thumb/v7-m/nofp/crt0.o (exit)
C:/ST/STM32CubeIDE_1.15.0/STM32CubeIDE/plugins/com.st.stm32cube.ide.mcu.externaltools.gnu-tools-for-stm32.12.3.rel1.win32_1.0.100.202403111256/tools/bin/../lib/gcc/arm-none-eabi/12.3.1/../../../../arm-none-eabi/lib/thumb/v7-m/nofp\libc_nano.a(libc_a-findfp.o)
                              ./Middlewares/Third_Party/FreeRTOS/Source/tasks.o (__sf)
C:/ST/STM32CubeIDE_1.15.0/STM32CubeIDE/plugins/com.st.stm32cube.ide.mcu.externaltools.gnu-tools-for-stm32.12.3.rel1.win32_1.0.100.202403111256/tools/bin/../lib/gcc/arm-none-eabi/12.3.1/../../../../arm-none-eabi/lib/thumb/v7-m/nofp\libc_nano.a(libc_a-fwalk.o)
                              C:/ST/STM32CubeIDE_1.15.0/STM32CubeIDE/plugins/com.st.stm32cube.ide.mcu.externaltools.gnu-tools-for-stm32.12.3.rel1.win32_1.0.100.202403111256/tools/bin/../lib/gcc/arm-none-eabi/12.3.1/../../../../arm-none-eabi/lib/thumb/v7-m/nofp\libc_nano.a(libc_a-findfp.o) (_fwalk_sglue)
C:/ST/STM32CubeIDE_1.15.0/STM32CubeIDE/plugins/com.st.stm32cube.ide.mcu.externaltools.gnu-tools-for-stm32.12.3.rel1.win32_1.0.100.202403111256/tools/bin/../lib/gcc/arm-none-eabi/12.3.1/../../../../arm-none-eabi/lib/thumb/v7-m/nofp\libc_nano.a(libc_a-sprintf.o)
                              ./Core/Src/main.o (sprintf)
C:/ST/STM32CubeIDE_1.15.0/STM32CubeIDE/plugins/com.st.stm32cube.ide.mcu.externaltools.gnu-tools-for-stm32.12.3.rel1.win32_1.0.100.202403111256/tools/bin/../lib/gcc/arm-none-eabi/12.3.1/../../../../arm-none-eabi/lib/thumb/v7-m/nofp\libc_nano.a(libc_a-stdio.o)
                              C:/ST/STM32CubeIDE_1.15.0/STM32CubeIDE/plugins/com.st.stm32cube.ide.mcu.externaltools.gnu-tools-for-stm32.12.3.rel1.win32_1.0.100.202403111256/tools/bin/../lib/gcc/arm-none-eabi/12.3.1/../../../../arm-none-eabi/lib/thumb/v7-m/nofp\libc_nano.a(libc_a-findfp.o) (__sread)
C:/ST/STM32CubeIDE_1.15.0/STM32CubeIDE/plugins/com.st.stm32cube.ide.mcu.externaltools.gnu-tools-for-stm32.12.3.rel1.win32_1.0.100.202403111256/tools/bin/../lib/gcc/arm-none-eabi/12.3.1/../../../../arm-none-eabi/lib/thumb/v7-m/nofp\libc_nano.a(libc_a-memset.o)
                              C:/ST/STM32CubeIDE_1.15.0/STM32CubeIDE/plugins/com.st.stm32cube.ide.mcu.externaltools.gnu-tools-for-stm32.12.3.rel1.win32_1.0.100.202403111256/tools/bin/../lib/gcc/arm-none-eabi/12.3.1/../../../../arm-none-eabi/lib/thumb/v7-m/nofp/crt0.o (memset)
C:/ST/STM32CubeIDE_1.15.0/STM32CubeIDE/plugins/com.st.stm32cube.ide.mcu.externaltools.gnu-tools-for-stm32.12.3.rel1.win32_1.0.100.202403111256/tools/bin/../lib/gcc/arm-none-eabi/12.3.1/../../../../arm-none-eabi/lib/thumb/v7-m/nofp\libc_nano.a(libc_a-closer.o)
                              C:/ST/STM32CubeIDE_1.15.0/STM32CubeIDE/plugins/com.st.stm32cube.ide.mcu.externaltools.gnu-tools-for-stm32.12.3.rel1.win32_1.0.100.202403111256/tools/bin/../lib/gcc/arm-none-eabi/12.3.1/../../../../arm-none-eabi/lib/thumb/v7-m/nofp\libc_nano.a(libc_a-stdio.o) (_close_r)
C:/ST/STM32CubeIDE_1.15.0/STM32CubeIDE/plugins/com.st.stm32cube.ide.mcu.externaltools.gnu-tools-for-stm32.12.3.rel1.win32_1.0.100.202403111256/tools/bin/../lib/gcc/arm-none-eabi/12.3.1/../../../../arm-none-eabi/lib/thumb/v7-m/nofp\libc_nano.a(libc_a-reent.o)
                              ./Middlewares/Third_Party/FreeRTOS/Source/tasks.o (_reclaim_reent)
C:/ST/STM32CubeIDE_1.15.0/STM32CubeIDE/plugins/com.st.stm32cube.ide.mcu.externaltools.gnu-tools-for-stm32.12.3.rel1.win32_1.0.100.202403111256/tools/bin/../lib/gcc/arm-none-eabi/12.3.1/../../../../arm-none-eabi/lib/thumb/v7-m/nofp\libc_nano.a(libc_a-impure.o)
                              ./Middlewares/Third_Party/FreeRTOS/Source/tasks.o (_impure_ptr)
C:/ST/STM32CubeIDE_1.15.0/STM32CubeIDE/plugins/com.st.stm32cube.ide.mcu.externaltools.gnu-tools-for-stm32.12.3.rel1.win32_1.0.100.202403111256/tools/bin/../lib/gcc/arm-none-eabi/12.3.1/../../../../arm-none-eabi/lib/thumb/v7-m/nofp\libc_nano.a(libc_a-lseekr.o)
                              C:/ST/STM32CubeIDE_1.15.0/STM32CubeIDE/plugins/com.st.stm32cube.ide.mcu.externaltools.gnu-tools-for-stm32.12.3.rel1.win32_1.0.100.202403111256/tools/bin/../lib/gcc/arm-none-eabi/12.3.1/../../../../arm-none-eabi/lib/thumb/v7-m/nofp\libc_nano.a(libc_a-stdio.o) (_lseek_r)
[...]
Memory Configuration

Name             Origin             Length             Attributes
RAM              0x20000000         0x00005000         xrw
FLASH            0x08000000         0x00020000         xr
*default*        0x00000000         0xffffffff

Linker script and memory map

LOAD C:/ST/STM32CubeIDE_1.15.0/STM32CubeIDE/plugins/com.st.stm32cube.ide.mcu.externaltools.gnu-tools-for-stm32.12.3.rel1.win32_1.0.100.202403111256/tools/bin/../lib/gcc/arm-none-eabi/12.3.1/thumb/v7-m/nofp/crti.o
LOAD C:/ST/STM32CubeIDE_1.15.0/STM32CubeIDE/plugins/com.st.stm32cube.ide.mcu.externaltools.gnu-tools-for-stm32.12.3.rel1.win32_1.0.100.202403111256/tools/bin/../lib/gcc/arm-none-eabi/12.3.1/thumb/v7-m/nofp/crtbegin.o
LOAD C:/ST/STM32CubeIDE_1.15.0/STM32CubeIDE/plugins/com.st.stm32cube.ide.mcu.externaltools.gnu-tools-for-stm32.12.3.rel1.win32_1.0.100.202403111256/tools/bin/../lib/gcc/arm-none-eabi/12.3.1/../../../../arm-none-eabi/lib/thumb/v7-m/nofp/crt0.o
LOAD ./Core/Src/freertos.o
LOAD ./Core/Src/main.o
LOAD ./Core/Src/stm32f1xx_hal_msp.o
LOAD ./Core/Src/stm32f1xx_it.o
LOAD ./Core/Src/syscalls.o
LOAD ./Core/Src/sysmem.o
LOAD ./Core/Src/system_stm32f1xx.o
LOAD ./Core/Src/user-common.o
LOAD ./Core/Src/user-gpio.o
LOAD ./Core/Src/user-it.o
LOAD ./Core/Src/user-task01.o
LOAD ./Core/Src/user-task02.o
LOAD ./Core/Src/user-task03.o
LOAD ./Core/Src/user-task04.o
LOAD ./Core/Src/user-task05.o
LOAD ./Core/Src/user-task06.o
LOAD ./Core/Src/user-task07.o
LOAD ./Core/Src/user-task08.o
LOAD ./Core/Src/user-uart.o
LOAD ./Core/Startup/startup_stm32f103rbtx.o
LOAD ./Drivers/STM32F1xx_HAL_Driver/Src/stm32f1xx_hal.o
LOAD ./Drivers/STM32F1xx_HAL_Driver/Src/stm32f1xx_hal_cortex.o
LOAD ./Drivers/STM32F1xx_HAL_Driver/Src/stm32f1xx_hal_dma.o
LOAD ./Drivers/STM32F1xx_HAL_Driver/Src/stm32f1xx_hal_exti.o
LOAD ./Drivers/STM32F1xx_HAL_Driver/Src/stm32f1xx_hal_flash.o
LOAD ./Drivers/STM32F1xx_HAL_Driver/Src/stm32f1xx_hal_flash_ex.o
LOAD ./Drivers/STM32F1xx_HAL_Driver/Src/stm32f1xx_hal_gpio.o
LOAD ./Drivers/STM32F1xx_HAL_Driver/Src/stm32f1xx_hal_gpio_ex.o
LOAD ./Drivers/STM32F1xx_HAL_Driver/Src/stm32f1xx_hal_pwr.o
LOAD ./Drivers/STM32F1xx_HAL_Driver/Src/stm32f1xx_hal_rcc.o
LOAD ./Drivers/STM32F1xx_HAL_Driver/Src/stm32f1xx_hal_rcc_ex.o
LOAD ./Drivers/STM32F1xx_HAL_Driver/Src/stm32f1xx_hal_tim.o
LOAD ./Drivers/STM32F1xx_HAL_Driver/Src/stm32f1xx_hal_tim_ex.o
LOAD ./Drivers/STM32F1xx_HAL_Driver/Src/stm32f1xx_hal_uart.o
LOAD ./Middlewares/Third_Party/FreeRTOS/Source/CMSIS_RTOS/cmsis_os.o
LOAD ./Middlewares/Third_Party/FreeRTOS/Source/croutine.o
LOAD ./Middlewares/Third_Party/FreeRTOS/Source/event_groups.o
LOAD ./Middlewares/Third_Party/FreeRTOS/Source/list.o
LOAD ./Middlewares/Third_Party/FreeRTOS/Source/queue.o
LOAD ./Middlewares/Third_Party/FreeRTOS/Source/stream_buffer.o
LOAD ./Middlewares/Third_Party/FreeRTOS/Source/tasks.o
LOAD ./Middlewares/Third_Party/FreeRTOS/Source/timers.o
LOAD ./Middlewares/Third_Party/FreeRTOS/Source/portable/GCC/ARM_CM3/port.o
LOAD ./Middlewares/Third_Party/FreeRTOS/Source/portable/MemMang/heap_4.o
START GROUP
LOAD C:/ST/STM32CubeIDE_1.15.0/STM32CubeIDE/plugins/com.st.stm32cube.ide.mcu.externaltools.gnu-tools-for-stm32.12.3.rel1.win32_1.0.100.202403111256/tools/bin/../lib/gcc/arm-none-eabi/12.3.1/../../../../arm-none-eabi/lib/thumb/v7-m/nofp\libc_nano.a
LOAD C:/ST/STM32CubeIDE_1.15.0/STM32CubeIDE/plugins/com.st.stm32cube.ide.mcu.externaltools.gnu-tools-for-stm32.12.3.rel1.win32_1.0.100.202403111256/tools/bin/../lib/gcc/arm-none-eabi/12.3.1/../../../../arm-none-eabi/lib/thumb/v7-m/nofp\libm.a
END GROUP
START GROUP
LOAD C:/ST/STM32CubeIDE_1.15.0/STM32CubeIDE/plugins/com.st.stm32cube.ide.mcu.externaltools.gnu-tools-for-stm32.12.3.rel1.win32_1.0.100.202403111256/tools/bin/../lib/gcc/arm-none-eabi/12.3.1/thumb/v7-m/nofp\libgcc.a
LOAD C:/ST/STM32CubeIDE_1.15.0/STM32CubeIDE/plugins/com.st.stm32cube.ide.mcu.externaltools.gnu-tools-for-stm32.12.3.rel1.win32_1.0.100.202403111256/tools/bin/../lib/gcc/arm-none-eabi/12.3.1/../../../../arm-none-eabi/lib/thumb/v7-m/nofp\libc_nano.a
END GROUP
START GROUP
LOAD C:/ST/STM32CubeIDE_1.15.0/STM32CubeIDE/plugins/com.st.stm32cube.ide.mcu.externaltools.gnu-tools-for-stm32.12.3.rel1.win32_1.0.100.202403111256/tools/bin/../lib/gcc/arm-none-eabi/12.3.1/thumb/v7-m/nofp\libgcc.a
LOAD C:/ST/STM32CubeIDE_1.15.0/STM32CubeIDE/plugins/com.st.stm32cube.ide.mcu.externaltools.gnu-tools-for-stm32.12.3.rel1.win32_1.0.100.202403111256/tools/bin/../lib/gcc/arm-none-eabi/12.3.1/../../../../arm-none-eabi/lib/thumb/v7-m/nofp\libc_nano.a
LOAD C:/ST/STM32CubeIDE_1.15.0/STM32CubeIDE/plugins/com.st.stm32cube.ide.mcu.externaltools.gnu-tools-for-stm32.12.3.rel1.win32_1.0.100.202403111256/tools/bin/../lib/gcc/arm-none-eabi/12.3.1/../../../../arm-none-eabi/lib/thumb/v7-m/nofp\libnosys.a
END GROUP
START GROUP
LOAD C:/ST/STM32CubeIDE_1.15.0/STM32CubeIDE/plugins/com.st.stm32cube.ide.mcu.externaltools.gnu-tools-for-stm32.12.3.rel1.win32_1.0.100.202403111256/tools/bin/../lib/gcc/arm-none-eabi/12.3.1/thumb/v7-m/nofp\libgcc.a
LOAD C:/ST/STM32CubeIDE_1.15.0/STM32CubeIDE/plugins/com.st.stm32cube.ide.mcu.externaltools.gnu-tools-for-stm32.12.3.rel1.win32_1.0.100.202403111256/tools/bin/../lib/gcc/arm-none-eabi/12.3.1/../../../../arm-none-eabi/lib/thumb/v7-m/nofp\libc_nano.a
LOAD C:/ST/STM32CubeIDE_1.15.0/STM32CubeIDE/plugins/com.st.stm32cube.ide.mcu.externaltools.gnu-tools-for-stm32.12.3.rel1.win32_1.0.100.202403111256/tools/bin/../lib/gcc/arm-none-eabi/12.3.1/../../../../arm-none-eabi/lib/thumb/v7-m/nofp\libnosys.a
END GROUP
LOAD C:/ST/STM32CubeIDE_1.15.0/STM32CubeIDE/plugins/com.st.stm32cube.ide.mcu.externaltools.gnu-tools-for-stm32.12.3.rel1.win32_1.0.100.202403111256/tools/bin/../lib/gcc/arm-none-eabi/12.3.1/thumb/v7-m/nofp/crtend.o
LOAD C:/ST/STM32CubeIDE_1.15.0/STM32CubeIDE/plugins/com.st.stm32cube.ide.mcu.externaltools.gnu-tools-for-stm32.12.3.rel1.win32_1.0.100.202403111256/tools/bin/../lib/gcc/arm-none-eabi/12.3.1/thumb/v7-m/nofp/crtn.o
                0x20005000                        _estack = (ORIGIN (RAM) + LENGTH (RAM))
                0x00000200                        _Min_Heap_Size = 0x200
                0x00000400                        _Min_Stack_Size = 0x400

.isr_vector     0x08000000      0x10c
                0x08000000                        . = ALIGN (0x4)
 *(.isr_vector)
 .isr_vector    0x08000000      0x10c ./Core/Startup/startup_stm32f103rbtx.o
                0x08000000                g_pfnVectors
                0x0800010c                        . = ALIGN (0x4)

.text           0x08000110     0x5ed0
                0x08000110                        . = ALIGN (0x4)
 *(.text)
 .text          0x08000110       0x40 C:/ST/STM32CubeIDE_1.15.0/STM32CubeIDE/plugins/com.st.stm32cube.ide.mcu.externaltools.gnu-tools-for-stm32.12.3.rel1.win32_1.0.100.202403111256/tools/bin/../lib/gcc/arm-none-eabi/12.3.1/thumb/v7-m/nofp/crtbegin.o
 .text          0x08000150       0x10 C:/ST/STM32CubeIDE_1.15.0/STM32CubeIDE/plugins/com.st.stm32cube.ide.mcu.externaltools.gnu-tools-for-stm32.12.3.rel1.win32_1.0.100.202403111256/tools/bin/../lib/gcc/arm-none-eabi/12.3.1/../../../../arm-none-eabi/lib/thumb/v7-m/nofp\libc_nano.a(libc_a-strlen.o)
                0x08000150                strlen
 *(.text*)
 .text.vApplicationGetIdleTaskMemory
                0x08000160       0x30 ./Core/Src/freertos.o
                0x08000160                vApplicationGetIdleTaskMemory
 .text.vApplicationGetTimerTaskMemory
                0x08000190       0x34 ./Core/Src/freertos.o
                0x08000190                vApplicationGetTimerTaskMemory
 .text.main     0x080001c4      0x108 ./Core/Src/main.o
                0x080001c4                main
 .text.SystemClock_Config
                0x080002cc       0x76 ./Core/Src/main.o
                0x080002cc                SystemClock_Config
 *fill*         0x08000342        0x2 
 .text.MX_TIM1_Init
                0x08000344       0xa4 ./Core/Src/main.o
 .text.MX_TIM2_Init
                0x080003e8       0x98 ./Core/Src/main.o
 .text.MX_TIM3_Init
                0x08000480       0x9c ./Core/Src/main.o
 .text.MX_USART1_UART_Init
                0x0800051c       0x54 ./Core/Src/main.o
 .text.MX_GPIO_Init
                0x08000570      0x104 ./Core/Src/main.o
 .text.StartDefaultTask
                0x08000674       0x24 ./Core/Src/main.o
                0x08000674                StartDefaultTask
 .text.Error_Handler
                0x08000698        0xc ./Core/Src/main.o
                0x08000698                Error_Handler
 .text.HAL_MspInit
                0x080006a4       0x50 ./Core/Src/stm32f1xx_hal_msp.o
                0x080006a4                HAL_MspInit
 .text.HAL_TIM_Base_MspInit
                0x080006f4       0xe8 ./Core/Src/stm32f1xx_hal_msp.o
                0x080006f4                HAL_TIM_Base_MspInit
 .text.HAL_UART_MspInit
                0x080007dc       0x98 ./Core/Src/stm32f1xx_hal_msp.o
                0x080007dc                HAL_UART_MspInit
 .text.NMI_Handler
                0x08000874        0x8 ./Core/Src/stm32f1xx_it.o
                0x08000874                NMI_Handler
 .text.HardFault_Handler
                0x0800087c        0x8 ./Core/Src/stm32f1xx_it.o
                0x0800087c                HardFault_Handler
 .text.MemManage_Handler
                0x08000884        0x8 ./Core/Src/stm32f1xx_it.o
                0x08000884                MemManage_Handler
 .text.BusFault_Handler
                0x0800088c        0x8 ./Core/Src/stm32f1xx_it.o
                0x0800088c                BusFault_Handler
 .text.UsageFault_Handler
                0x08000894        0x8 ./Core/Src/stm32f1xx_it.o
                0x08000894                UsageFault_Handler
 .text.DebugMon_Handler
                0x0800089c        0xc ./Core/Src/stm32f1xx_it.o
                0x0800089c                DebugMon_Handler
 .text.SysTick_Handler
                0x080008a8       0x1a ./Core/Src/stm32f1xx_it.o
                0x080008a8                SysTick_Handler
 .text.EXTI0_IRQHandler
                0x080008c2        0xe ./Core/Src/stm32f1xx_it.o
                0x080008c2                EXTI0_IRQHandler
 .text.EXTI1_IRQHandler
                0x080008d0        0xe ./Core/Src/stm32f1xx_it.o
                0x080008d0                EXTI1_IRQHandler
 *fill*         0x080008de        0x2 
 .text.TIM1_BRK_IRQHandler
                0x080008e0       0x14 ./Core/Src/stm32f1xx_it.o
                0x080008e0                TIM1_BRK_IRQHandler
 .text.TIM1_UP_IRQHandler
                0x080008f4       0x14 ./Core/Src/stm32f1xx_it.o
                0x080008f4                TIM1_UP_IRQHandler
 .text.TIM1_TRG_COM_IRQHandler
                0x08000908       0x14 ./Core/Src/stm32f1xx_it.o
                0x08000908                TIM1_TRG_COM_IRQHandler
 .text.TIM1_CC_IRQHandler
                0x0800091c       0x14 ./Core/Src/stm32f1xx_it.o
                0x0800091c                TIM1_CC_IRQHandler
 .text.TIM2_IRQHandler
                0x08000930       0x14 ./Core/Src/stm32f1xx_it.o
                0x08000930                TIM2_IRQHandler
 .text.TIM3_IRQHandler
                0x08000944       0x14 ./Core/Src/stm32f1xx_it.o
                0x08000944                TIM3_IRQHandler
 .text._sbrk    0x08000958       0x6c ./Core/Src/sysmem.o
                0x08000958                _sbrk
 .text.SystemInit
                0x080009c4        0xc ./Core/Src/system_stm32f1xx.o
                0x080009c4                SystemInit
 .text.user_gpio_led_off_all
                0x080009d0       0x30 ./Core/Src/user-gpio.o
                0x080009d0                user_gpio_led_off_all
 .text.user_gpio_led_off_yellow
                0x08000a00       0x18 ./Core/Src/user-gpio.o
                0x08000a00                user_gpio_led_off_yellow
 .text.user_gpio_led_off_red
                0x08000a18       0x18 ./Core/Src/user-gpio.o
                0x08000a18                user_gpio_led_off_red
 .text.user_gpio_fnd_clear
                0x08000a30       0x24 ./Core/Src/user-gpio.o
                0x08000a30                user_gpio_fnd_clear
 .text.user_gpio_fnd_digit
                0x08000a54       0x48 ./Core/Src/user-gpio.o
                0x08000a54                user_gpio_fnd_digit
 .text.HAL_GPIO_EXTI_Callback
                0x08000a9c       0x74 ./Core/Src/user-it.o
                0x08000a9c                HAL_GPIO_EXTI_Callback
 .text.HAL_TIM_PeriodElapsedCallback
                0x08000b10       0xac ./Core/Src/user-it.o
                0x08000b10                HAL_TIM_PeriodElapsedCallback
 .text.LED_Thread1
                0x08000bbc       0xc8 ./Core/Src/user-task02.o
 .text.LED_Thread2
                0x08000c84       0x70 ./Core/Src/user-task02.o
 .text.task02_thread_create
                0x08000cf4       0x68 ./Core/Src/user-task02.o
                0x08000cf4                task02_thread_create
 .text.user_uart_send_msg
                0x08000d5c       0x70 ./Core/Src/user-uart.o
                0x08000d5c                user_uart_send_msg
 .text.Reset_Handler
                0x08000dcc       0x48 ./Core/Startup/startup_stm32f103rbtx.o
                0x08000dcc                Reset_Handler
 .text.Default_Handler
                0x08000e14        0x2 ./Core/Startup/startup_stm32f103rbtx.o
                0x08000e14                RTC_Alarm_IRQHandler
                0x08000e14                EXTI2_IRQHandler
                0x08000e14                PVD_IRQHandler
                0x08000e14                EXTI3_IRQHandler
                0x08000e14                I2C2_EV_IRQHandler
                0x08000e14                ADC1_2_IRQHandler
                0x08000e14                SPI1_IRQHandler
                0x08000e14                TAMPER_IRQHandler
                0x08000e14                DMA1_Channel4_IRQHandler
                0x08000e14                USART3_IRQHandler
                0x08000e14                RTC_IRQHandler
                0x08000e14                DMA1_Channel7_IRQHandler
                0x08000e14                CAN1_RX1_IRQHandler
                0x08000e14                TIM4_IRQHandler
                0x08000e14                I2C1_EV_IRQHandler
                0x08000e14                DMA1_Channel6_IRQHandler
                0x08000e14                RCC_IRQHandler
                0x08000e14                DMA1_Channel1_IRQHandler
                0x08000e14                Default_Handler
                0x08000e14                EXTI15_10_IRQHandler
                0x08000e14                EXTI9_5_IRQHandler
                0x08000e14                SPI2_IRQHandler
                0x08000e14                DMA1_Channel5_IRQHandler
                0x08000e14                EXTI4_IRQHandler
                0x08000e14                USB_LP_CAN1_RX0_IRQHandler
                0x08000e14                USB_HP_CAN1_TX_IRQHandler
                0x08000e14                DMA1_Channel3_IRQHandler
                0x08000e14                WWDG_IRQHandler
                0x08000e14                USART2_IRQHandler
                0x08000e14                I2C2_ER_IRQHandler
                0x08000e14                DMA1_Channel2_IRQHandler
                0x08000e14                CAN1_SCE_IRQHandler
                0x08000e14                FLASH_IRQHandler
                0x08000e14                USART1_IRQHandler
                0x08000e14                I2C1_ER_IRQHandler
                0x08000e14                USBWakeUp_IRQHandler
 *fill*         0x08000e16        0x2 
 .text.HAL_Init
                0x08000e18       0x2c ./Drivers/STM32F1xx_HAL_Driver/Src/stm32f1xx_hal.o
                0x08000e18                HAL_Init
 .text.HAL_InitTick
                0x08000e44       0x60 ./Drivers/STM32F1xx_HAL_Driver/Src/stm32f1xx_hal.o
                0x08000e44                HAL_InitTick
 .text.HAL_IncTick
                0x08000ea4       0x24 ./Drivers/STM32F1xx_HAL_Driver/Src/stm32f1xx_hal.o
                0x08000ea4                HAL_IncTick
 .text.HAL_GetTick
                0x08000ec8       0x14 ./Drivers/STM32F1xx_HAL_Driver/Src/stm32f1xx_hal.o
                0x08000ec8                HAL_GetTick
 .text.__NVIC_SetPriorityGrouping
                0x08000edc       0x48 ./Drivers/STM32F1xx_HAL_Driver/Src/stm32f1xx_hal_cortex.o
 .text.__NVIC_GetPriorityGrouping
                0x08000f24       0x1c ./Drivers/STM32F1xx_HAL_Driver/Src/stm32f1xx_hal_cortex.o
 .text.__NVIC_EnableIRQ
                0x08000f40       0x38 ./Drivers/STM32F1xx_HAL_Driver/Src/stm32f1xx_hal_cortex.o
 .text.__NVIC_SetPriority
                0x08000f78       0x54 ./Drivers/STM32F1xx_HAL_Driver/Src/stm32f1xx_hal_cortex.o
 .text.NVIC_EncodePriority
                0x08000fcc       0x64 ./Drivers/STM32F1xx_HAL_Driver/Src/stm32f1xx_hal_cortex.o
 .text.SysTick_Config
                0x08001030       0x44 ./Drivers/STM32F1xx_HAL_Driver/Src/stm32f1xx_hal_cortex.o
 .text.HAL_NVIC_SetPriorityGrouping
                0x08001074       0x16 ./Drivers/STM32F1xx_HAL_Driver/Src/stm32f1xx_hal_cortex.o
                0x08001074                HAL_NVIC_SetPriorityGrouping
 .text.HAL_NVIC_SetPriority
                0x0800108a       0x38 ./Drivers/STM32F1xx_HAL_Driver/Src/stm32f1xx_hal_cortex.o
                0x0800108a                HAL_NVIC_SetPriority
 .text.HAL_NVIC_EnableIRQ
                0x080010c2       0x1c ./Drivers/STM32F1xx_HAL_Driver/Src/stm32f1xx_hal_cortex.o
                0x080010c2                HAL_NVIC_EnableIRQ
 .text.HAL_SYSTICK_Config
                0x080010de       0x18 ./Drivers/STM32F1xx_HAL_Driver/Src/stm32f1xx_hal_cortex.o
                0x080010de                HAL_SYSTICK_Config
 *fill*         0x080010f6        0x2 
 .text.HAL_GPIO_Init
                0x080010f8      0x308 ./Drivers/STM32F1xx_HAL_Driver/Src/stm32f1xx_hal_gpio.o
                0x080010f8                HAL_GPIO_Init
 .text.HAL_GPIO_WritePin
                0x08001400       0x30 ./Drivers/STM32F1xx_HAL_Driver/Src/stm32f1xx_hal_gpio.o
                0x08001400                HAL_GPIO_WritePin
 .text.HAL_GPIO_TogglePin
                0x08001430       0x32 ./Drivers/STM32F1xx_HAL_Driver/Src/stm32f1xx_hal_gpio.o
                0x08001430                HAL_GPIO_TogglePin
 *fill*         0x08001462        0x2 
 .text.HAL_GPIO_EXTI_IRQHandler
                0x08001464       0x30 ./Drivers/STM32F1xx_HAL_Driver/Src/stm32f1xx_hal_gpio.o
                0x08001464                HAL_GPIO_EXTI_IRQHandler
 .text.HAL_RCC_OscConfig
                0x08001494      0x504 ./Drivers/STM32F1xx_HAL_Driver/Src/stm32f1xx_hal_rcc.o
                0x08001494                HAL_RCC_OscConfig
 .text.HAL_RCC_ClockConfig
                0x08001998      0x1d4 ./Drivers/STM32F1xx_HAL_Driver/Src/stm32f1xx_hal_rcc.o
                0x08001998                HAL_RCC_ClockConfig
 .text.HAL_RCC_GetSysClockFreq
                0x08001b6c       0xa8 ./Drivers/STM32F1xx_HAL_Driver/Src/stm32f1xx_hal_rcc.o
                0x08001b6c                HAL_RCC_GetSysClockFreq
 .text.HAL_RCC_GetHCLKFreq
                0x08001c14       0x14 ./Drivers/STM32F1xx_HAL_Driver/Src/stm32f1xx_hal_rcc.o
                0x08001c14                HAL_RCC_GetHCLKFreq
 .text.HAL_RCC_GetPCLK1Freq
                0x08001c28       0x28 ./Drivers/STM32F1xx_HAL_Driver/Src/stm32f1xx_hal_rcc.o
                0x08001c28                HAL_RCC_GetPCLK1Freq
 .text.HAL_RCC_GetPCLK2Freq
                0x08001c50       0x28 ./Drivers/STM32F1xx_HAL_Driver/Src/stm32f1xx_hal_rcc.o
                0x08001c50                HAL_RCC_GetPCLK2Freq
 .text.RCC_Delay
                0x08001c78       0x3c ./Drivers/STM32F1xx_HAL_Driver/Src/stm32f1xx_hal_rcc.o
 .text.HAL_TIM_Base_Init
                0x08001cb4       0x9e ./Drivers/STM32F1xx_HAL_Driver/Src/stm32f1xx_hal_tim.o
                0x08001cb4                HAL_TIM_Base_Init
 .text.HAL_TIM_IRQHandler
                0x08001d52      0x210 ./Drivers/STM32F1xx_HAL_Driver/Src/stm32f1xx_hal_tim.o
                0x08001d52                HAL_TIM_IRQHandler
 .text.HAL_TIM_ConfigClockSource
                0x08001f62      0x18e ./Drivers/STM32F1xx_HAL_Driver/Src/stm32f1xx_hal_tim.o
                0x08001f62                HAL_TIM_ConfigClockSource
 .text.HAL_TIM_OC_DelayElapsedCallback
                0x080020f0       0x12 ./Drivers/STM32F1xx_HAL_Driver/Src/stm32f1xx_hal_tim.o
                0x080020f0                HAL_TIM_OC_DelayElapsedCallback
 .text.HAL_TIM_IC_CaptureCallback
                0x08002102       0x12 ./Drivers/STM32F1xx_HAL_Driver/Src/stm32f1xx_hal_tim.o
                0x08002102                HAL_TIM_IC_CaptureCallback
 .text.HAL_TIM_PWM_PulseFinishedCallback
                0x08002114       0x12 ./Drivers/STM32F1xx_HAL_Driver/Src/stm32f1xx_hal_tim.o
                0x08002114                HAL_TIM_PWM_PulseFinishedCallback
 .text.HAL_TIM_TriggerCallback
                0x08002126       0x12 ./Drivers/STM32F1xx_HAL_Driver/Src/stm32f1xx_hal_tim.o
                0x08002126                HAL_TIM_TriggerCallback
 .text.TIM_Base_SetConfig
                0x08002138       0xc4 ./Drivers/STM32F1xx_HAL_Driver/Src/stm32f1xx_hal_tim.o
                0x08002138                TIM_Base_SetConfig
 .text.TIM_TI1_ConfigInputStage
                0x080021fc       0x5c ./Drivers/STM32F1xx_HAL_Driver/Src/stm32f1xx_hal_tim.o
 .text.TIM_TI2_ConfigInputStage
                0x08002258       0x5e ./Drivers/STM32F1xx_HAL_Driver/Src/stm32f1xx_hal_tim.o
 .text.TIM_ITRx_SetConfig
                0x080022b6       0x34 ./Drivers/STM32F1xx_HAL_Driver/Src/stm32f1xx_hal_tim.o
 .text.TIM_ETR_SetConfig
                0x080022ea       0x3e ./Drivers/STM32F1xx_HAL_Driver/Src/stm32f1xx_hal_tim.o
                0x080022ea                TIM_ETR_SetConfig
 .text.HAL_TIMEx_MasterConfigSynchronization
                0x08002328       0xbc ./Drivers/STM32F1xx_HAL_Driver/Src/stm32f1xx_hal_tim_ex.o
                0x08002328                HAL_TIMEx_MasterConfigSynchronization
 .text.HAL_TIMEx_CommutCallback
                0x080023e4       0x12 ./Drivers/STM32F1xx_HAL_Driver/Src/stm32f1xx_hal_tim_ex.o
                0x080023e4                HAL_TIMEx_CommutCallback
 .text.HAL_TIMEx_BreakCallback
                0x080023f6       0x12 ./Drivers/STM32F1xx_HAL_Driver/Src/stm32f1xx_hal_tim_ex.o
                0x080023f6                HAL_TIMEx_BreakCallback
 .text.HAL_UART_Init
                0x08002408       0xa0 ./Drivers/STM32F1xx_HAL_Driver/Src/stm32f1xx_hal_uart.o
                0x08002408                HAL_UART_Init
 .text.HAL_UART_Transmit
                0x080024a8      0x106 ./Drivers/STM32F1xx_HAL_Driver/Src/stm32f1xx_hal_uart.o
                0x080024a8                HAL_UART_Transmit
 .text.UART_WaitOnFlagUntilTimeout
                0x080025ae       0xdc ./Drivers/STM32F1xx_HAL_Driver/Src/stm32f1xx_hal_uart.o
 *fill*         0x0800268a        0x2 
 .text.UART_SetConfig
                0x0800268c      0x11c ./Drivers/STM32F1xx_HAL_Driver/Src/stm32f1xx_hal_uart.o
 .text.makeFreeRtosPriority
                0x080027a8       0x2e ./Middlewares/Third_Party/FreeRTOS/Source/CMSIS_RTOS/cmsis_os.o
 .text.inHandlerMode
                0x080027d6       0x22 ./Middlewares/Third_Party/FreeRTOS/Source/CMSIS_RTOS/cmsis_os.o
 .text.osKernelStart
                0x080027f8        0xe ./Middlewares/Third_Party/FreeRTOS/Source/CMSIS_RTOS/cmsis_os.o
                0x080027f8                osKernelStart
 .text.osKernelSysTick
                0x08002806       0x20 ./Middlewares/Third_Party/FreeRTOS/Source/CMSIS_RTOS/cmsis_os.o
                0x08002806                osKernelSysTick
 .text.osThreadCreate
                0x08002826       0x98 ./Middlewares/Third_Party/FreeRTOS/Source/CMSIS_RTOS/cmsis_os.o
                0x08002826                osThreadCreate
 .text.osDelay  0x080028be       0x28 ./Middlewares/Third_Party/FreeRTOS/Source/CMSIS_RTOS/cmsis_os.o
                0x080028be                osDelay
 *fill*         0x080028e6        0x2 
 .text.osSemaphoreRelease
                0x080028e8       0x6c ./Middlewares/Third_Party/FreeRTOS/Source/CMSIS_RTOS/cmsis_os.o
                0x080028e8                osSemaphoreRelease
 .text.osThreadSuspend
                0x08002954       0x18 ./Middlewares/Third_Party/FreeRTOS/Source/CMSIS_RTOS/cmsis_os.o
                0x08002954                osThreadSuspend
 .text.osThreadResume
                0x0800296c       0x44 ./Middlewares/Third_Party/FreeRTOS/Source/CMSIS_RTOS/cmsis_os.o
                0x0800296c                osThreadResume
 .text.vListInitialise
                0x080029b0       0x3e ./Middlewares/Third_Party/FreeRTOS/Source/list.o
                0x080029b0                vListInitialise
 .text.vListInitialiseItem
                0x080029ee       0x18 ./Middlewares/Third_Party/FreeRTOS/Source/list.o
                0x080029ee                vListInitialiseItem
 .text.vListInsertEnd
                0x08002a06       0x46 ./Middlewares/Third_Party/FreeRTOS/Source/list.o
                0x08002a06                vListInsertEnd
 .text.vListInsert
                0x08002a4c       0x70 ./Middlewares/Third_Party/FreeRTOS/Source/list.o
                0x08002a4c                vListInsert
 .text.uxListRemove
                0x08002abc       0x52 ./Middlewares/Third_Party/FreeRTOS/Source/list.o
                0x08002abc                uxListRemove
 *fill*         0x08002b0e        0x2 
 .text.xQueueGenericReset
                0x08002b10       0xd4 ./Middlewares/Third_Party/FreeRTOS/Source/queue.o
                0x08002b10                xQueueGenericReset
 .text.xQueueGenericCreateStatic
                0x08002be4       0xf8 ./Middlewares/Third_Party/FreeRTOS/Source/queue.o
                0x08002be4                xQueueGenericCreateStatic
 .text.prvInitialiseNewQueue
                0x08002cdc       0x3e ./Middlewares/Third_Party/FreeRTOS/Source/queue.o
 *fill*         0x08002d1a        0x2 
 .text.xQueueGenericSend
                0x08002d1c      0x204 ./Middlewares/Third_Party/FreeRTOS/Source/queue.o
                0x08002d1c                xQueueGenericSend
 .text.xQueueGenericSendFromISR
                0x08002f20      0x136 ./Middlewares/Third_Party/FreeRTOS/Source/queue.o
                0x08002f20                xQueueGenericSendFromISR
 .text.xQueueGiveFromISR
                0x08003056      0x120 ./Middlewares/Third_Party/FreeRTOS/Source/queue.o
                0x08003056                xQueueGiveFromISR
 *fill*         0x08003176        0x2 
 .text.xQueueReceive
                0x08003178      0x1c4 ./Middlewares/Third_Party/FreeRTOS/Source/queue.o
                0x08003178                xQueueReceive
 .text.prvCopyDataToQueue
                0x0800333c       0xd4 ./Middlewares/Third_Party/FreeRTOS/Source/queue.o
 .text.prvCopyDataFromQueue
                0x08003410       0x4c ./Middlewares/Third_Party/FreeRTOS/Source/queue.o
 .text.prvUnlockQueue
                0x0800345c       0xa4 ./Middlewares/Third_Party/FreeRTOS/Source/queue.o
 .text.prvIsQueueEmpty
                0x08003500       0x2c ./Middlewares/Third_Party/FreeRTOS/Source/queue.o
 .text.prvIsQueueFull
                0x0800352c       0x30 ./Middlewares/Third_Party/FreeRTOS/Source/queue.o
 .text.vQueueAddToRegistry
                0x0800355c       0x50 ./Middlewares/Third_Party/FreeRTOS/Source/queue.o
                0x0800355c                vQueueAddToRegistry
 .text.vQueueWaitForMessageRestricted
                0x080035ac       0x68 ./Middlewares/Third_Party/FreeRTOS/Source/queue.o
                0x080035ac                vQueueWaitForMessageRestricted
 .text.xTaskCreateStatic
                0x08003614       0xbe ./Middlewares/Third_Party/FreeRTOS/Source/tasks.o
                0x08003614                xTaskCreateStatic
 .text.xTaskCreate
                0x080036d2       0x8a ./Middlewares/Third_Party/FreeRTOS/Source/tasks.o
                0x080036d2                xTaskCreate
 .text.prvInitialiseNewTask
                0x0800375c      0x130 ./Middlewares/Third_Party/FreeRTOS/Source/tasks.o
 .text.prvAddNewTaskToReadyList
                0x0800388c       0xd4 ./Middlewares/Third_Party/FreeRTOS/Source/tasks.o
 .text.vTaskDelay
                0x08003960       0x6c ./Middlewares/Third_Party/FreeRTOS/Source/tasks.o
                0x08003960                vTaskDelay
 .text.vTaskSuspend
                0x080039cc      0x128 ./Middlewares/Third_Party/FreeRTOS/Source/tasks.o
                0x080039cc                vTaskSuspend
 .text.prvTaskIsTaskSuspended
                0x08003af4       0x78 ./Middlewares/Third_Party/FreeRTOS/Source/tasks.o
 .text.vTaskResume
                0x08003b6c       0xbc ./Middlewares/Third_Party/FreeRTOS/Source/tasks.o
                0x08003b6c                vTaskResume
 .text.xTaskResumeFromISR
                0x08003c28       0xe4 ./Middlewares/Third_Party/FreeRTOS/Source/tasks.o
                0x08003c28                xTaskResumeFromISR
 .text.vTaskStartScheduler
                0x08003d0c       0xe0 ./Middlewares/Third_Party/FreeRTOS/Source/tasks.o
                0x08003d0c                vTaskStartScheduler
 .text.vTaskSuspendAll
                0x08003dec       0x1c ./Middlewares/Third_Party/FreeRTOS/Source/tasks.o
                0x08003dec                vTaskSuspendAll
 .text.xTaskResumeAll
                0x08003e08      0x13c ./Middlewares/Third_Party/FreeRTOS/Source/tasks.o
                0x08003e08                xTaskResumeAll
 .text.xTaskGetTickCount
                0x08003f44       0x1c ./Middlewares/Third_Party/FreeRTOS/Source/tasks.o
                0x08003f44                xTaskGetTickCount
 .text.xTaskGetTickCountFromISR
                0x08003f60       0x24 ./Middlewares/Third_Party/FreeRTOS/Source/tasks.o
                0x08003f60                xTaskGetTickCountFromISR
 .text.xTaskIncrementTick
                0x08003f84      0x17c ./Middlewares/Third_Party/FreeRTOS/Source/tasks.o
                0x08003f84                xTaskIncrementTick
 .text.vTaskSwitchContext
                0x08004100       0xc4 ./Middlewares/Third_Party/FreeRTOS/Source/tasks.o
                0x08004100                vTaskSwitchContext
 .text.vTaskPlaceOnEventList
                0x080041c4       0x4c ./Middlewares/Third_Party/FreeRTOS/Source/tasks.o
                0x080041c4                vTaskPlaceOnEventList
 .text.vTaskPlaceOnEventListRestricted
                0x08004210       0x58 ./Middlewares/Third_Party/FreeRTOS/Source/tasks.o
                0x08004210                vTaskPlaceOnEventListRestricted
 .text.xTaskRemoveFromEventList
                0x08004268       0xc8 ./Middlewares/Third_Party/FreeRTOS/Source/tasks.o
                0x08004268                xTaskRemoveFromEventList
 .text.vTaskInternalSetTimeOutState
                0x08004330       0x2c ./Middlewares/Third_Party/FreeRTOS/Source/tasks.o
                0x08004330                vTaskInternalSetTimeOutState
 .text.xTaskCheckForTimeOut
                0x0800435c       0xc8 ./Middlewares/Third_Party/FreeRTOS/Source/tasks.o
                0x0800435c                xTaskCheckForTimeOut
 .text.vTaskMissedYield
                0x08004424       0x18 ./Middlewares/Third_Party/FreeRTOS/Source/tasks.o
                0x08004424                vTaskMissedYield
 .text.prvIdleTask
                0x0800443c       0x30 ./Middlewares/Third_Party/FreeRTOS/Source/tasks.o
 .text.prvInitialiseTaskLists
                0x0800446c       0x80 ./Middlewares/Third_Party/FreeRTOS/Source/tasks.o
 .text.prvCheckTasksWaitingTermination
                0x080044ec       0x5c ./Middlewares/Third_Party/FreeRTOS/Source/tasks.o
 .text.prvDeleteTCB
                0x08004548       0x6a ./Middlewares/Third_Party/FreeRTOS/Source/tasks.o
 *fill*         0x080045b2        0x2 
 .text.prvResetNextTaskUnblockTime
                0x080045b4       0x48 ./Middlewares/Third_Party/FreeRTOS/Source/tasks.o
 .text.xTaskGetSchedulerState
                0x080045fc       0x3c ./Middlewares/Third_Party/FreeRTOS/Source/tasks.o
                0x080045fc                xTaskGetSchedulerState
 .text.xTaskPriorityDisinherit
                0x08004638      0x110 ./Middlewares/Third_Party/FreeRTOS/Source/tasks.o
                0x08004638                xTaskPriorityDisinherit
 .text.prvAddCurrentTaskToDelayedList
                0x08004748       0xcc ./Middlewares/Third_Party/FreeRTOS/Source/tasks.o
 .text.xTimerCreateTimerTask
                0x08004814       0x94 ./Middlewares/Third_Party/FreeRTOS/Source/timers.o
                0x08004814                xTimerCreateTimerTask
 .text.xTimerGenericCommand
                0x080048a8       0x9c ./Middlewares/Third_Party/FreeRTOS/Source/timers.o
                0x080048a8                xTimerGenericCommand
 .text.prvProcessExpiredTimer
                0x08004944       0x84 ./Middlewares/Third_Party/FreeRTOS/Source/timers.o
 .text.prvTimerTask
                0x080049c8       0x26 ./Middlewares/Third_Party/FreeRTOS/Source/timers.o
 *fill*         0x080049ee        0x2 
 .text.prvProcessTimerOrBlockTask
                0x080049f0       0x9c ./Middlewares/Third_Party/FreeRTOS/Source/timers.o
 .text.prvGetNextExpireTime
                0x08004a8c       0x48 ./Middlewares/Third_Party/FreeRTOS/Source/timers.o
 .text.prvSampleTimeNow
                0x08004ad4       0x40 ./Middlewares/Third_Party/FreeRTOS/Source/timers.o
 .text.prvInsertTimerInActiveList
                0x08004b14       0x84 ./Middlewares/Third_Party/FreeRTOS/Source/timers.o
 .text.prvProcessReceivedCommands
                0x08004b98      0x140 ./Middlewares/Third_Party/FreeRTOS/Source/timers.o
 .text.prvSwitchTimerLists
                0x08004cd8       0xc4 ./Middlewares/Third_Party/FreeRTOS/Source/timers.o
 .text.prvCheckForValidListAndQueue
                0x08004d9c       0x80 ./Middlewares/Third_Party/FreeRTOS/Source/timers.o
 .text.pxPortInitialiseStack
                0x08004e1c       0x58 ./Middlewares/Third_Party/FreeRTOS/Source/portable/GCC/ARM_CM3/port.o
                0x08004e1c                pxPortInitialiseStack
 .text.prvTaskExitError
                0x08004e74       0x58 ./Middlewares/Third_Party/FreeRTOS/Source/portable/GCC/ARM_CM3/port.o
 *fill*         0x08004ecc        0x4 
 .text.SVC_Handler
                0x08004ed0       0x28 ./Middlewares/Third_Party/FreeRTOS/Source/portable/GCC/ARM_CM3/port.o
                0x08004ed0                SVC_Handler
 .text.prvPortStartFirstTask
                0x08004ef8       0x20 ./Middlewares/Third_Party/FreeRTOS/Source/portable/GCC/ARM_CM3/port.o
 .text.xPortStartScheduler
                0x08004f18       0xe4 ./Middlewares/Third_Party/FreeRTOS/Source/portable/GCC/ARM_CM3/port.o
                0x08004f18                xPortStartScheduler
 .text.vPortEnterCritical
                0x08004ffc       0x60 ./Middlewares/Third_Party/FreeRTOS/Source/portable/GCC/ARM_CM3/port.o
                0x08004ffc                vPortEnterCritical
 .text.vPortExitCritical
                0x0800505c       0x54 ./Middlewares/Third_Party/FreeRTOS/Source/portable/GCC/ARM_CM3/port.o
                0x0800505c                vPortExitCritical
 .text.PendSV_Handler
                0x080050b0       0x48 ./Middlewares/Third_Party/FreeRTOS/Source/portable/GCC/ARM_CM3/port.o
                0x080050b0                PendSV_Handler
 .text.xPortSysTickHandler
                0x080050f8       0x44 ./Middlewares/Third_Party/FreeRTOS/Source/portable/GCC/ARM_CM3/port.o
                0x080050f8                xPortSysTickHandler
 .text.vPortSetupTimerInterrupt
                0x0800513c       0x44 ./Middlewares/Third_Party/FreeRTOS/Source/portable/GCC/ARM_CM3/port.o
                0x0800513c                vPortSetupTimerInterrupt
 .text.vPortValidateInterruptPriority
                0x08005180       0x80 ./Middlewares/Third_Party/FreeRTOS/Source/portable/GCC/ARM_CM3/port.o
                0x08005180                vPortValidateInterruptPriority
 .text.pvPortMalloc
                0x08005200      0x190 ./Middlewares/Third_Party/FreeRTOS/Source/portable/MemMang/heap_4.o
                0x08005200                pvPortMalloc
 .text.vPortFree
                0x08005390       0xb8 ./Middlewares/Third_Party/FreeRTOS/Source/portable/MemMang/heap_4.o
                0x08005390                vPortFree
 .text.prvHeapInit
                0x08005448       0xc4 ./Middlewares/Third_Party/FreeRTOS/Source/portable/MemMang/heap_4.o
 .text.prvInsertBlockIntoFreeList
                0x0800550c       0xb0 ./Middlewares/Third_Party/FreeRTOS/Source/portable/MemMang/heap_4.o
 .text.sprintf  0x080055bc       0x40 C:/ST/STM32CubeIDE_1.15.0/STM32CubeIDE/plugins/com.st.stm32cube.ide.mcu.externaltools.gnu-tools-for-stm32.12.3.rel1.win32_1.0.100.202403111256/tools/bin/../lib/gcc/arm-none-eabi/12.3.1/../../../../arm-none-eabi/lib/thumb/v7-m/nofp\libc_nano.a(libc_a-sprintf.o)
                0x080055bc                siprintf
                0x080055bc                sprintf
 .text.memset   0x080055fc       0x10 C:/ST/STM32CubeIDE_1.15.0/STM32CubeIDE/plugins/com.st.stm32cube.ide.mcu.externaltools.gnu-tools-for-stm32.12.3.rel1.win32_1.0.100.202403111256/tools/bin/../lib/gcc/arm-none-eabi/12.3.1/../../../../arm-none-eabi/lib/thumb/v7-m/nofp\libc_nano.a(libc_a-memset.o)
                0x080055fc                memset
 .text._reclaim_reent
                0x0800560c       0xac C:/ST/STM32CubeIDE_1.15.0/STM32CubeIDE/plugins/com.st.stm32cube.ide.mcu.externaltools.gnu-tools-for-stm32.12.3.rel1.win32_1.0.100.202403111256/tools/bin/../lib/gcc/arm-none-eabi/12.3.1/../../../../arm-none-eabi/lib/thumb/v7-m/nofp\libc_nano.a(libc_a-reent.o)
                0x0800560c                _reclaim_reent
 .text.__errno  0x080056b8        0xc C:/ST/STM32CubeIDE_1.15.0/STM32CubeIDE/plugins/com.st.stm32cube.ide.mcu.externaltools.gnu-tools-for-stm32.12.3.rel1.win32_1.0.100.202403111256/tools/bin/../lib/gcc/arm-none-eabi/12.3.1/../../../../arm-none-eabi/lib/thumb/v7-m/nofp\libc_nano.a(libc_a-errno.o)
                0x080056b8                __errno
 .text.__libc_init_array
                0x080056c4       0x48 C:/ST/STM32CubeIDE_1.15.0/STM32CubeIDE/plugins/com.st.stm32cube.ide.mcu.externaltools.gnu-tools-for-stm32.12.3.rel1.win32_1.0.100.202403111256/tools/bin/../lib/gcc/arm-none-eabi/12.3.1/../../../../arm-none-eabi/lib/thumb/v7-m/nofp\libc_nano.a(libc_a-init.o)
                0x080056c4                __libc_init_array
 .text.__retarget_lock_acquire_recursive
                0x0800570c        0x2 C:/ST/STM32CubeIDE_1.15.0/STM32CubeIDE/plugins/com.st.stm32cube.ide.mcu.externaltools.gnu-tools-for-stm32.12.3.rel1.win32_1.0.100.202403111256/tools/bin/../lib/gcc/arm-none-eabi/12.3.1/../../../../arm-none-eabi/lib/thumb/v7-m/nofp\libc_nano.a(libc_a-lock.o)
                0x0800570c                __retarget_lock_acquire_recursive
 .text.__retarget_lock_release_recursive
                0x0800570e        0x2 C:/ST/STM32CubeIDE_1.15.0/STM32CubeIDE/plugins/com.st.stm32cube.ide.mcu.externaltools.gnu-tools-for-stm32.12.3.rel1.win32_1.0.100.202403111256/tools/bin/../lib/gcc/arm-none-eabi/12.3.1/../../../../arm-none-eabi/lib/thumb/v7-m/nofp\libc_nano.a(libc_a-lock.o)
                0x0800570e                __retarget_lock_release_recursive
 .text.memcpy   0x08005710       0x1c C:/ST/STM32CubeIDE_1.15.0/STM32CubeIDE/plugins/com.st.stm32cube.ide.mcu.externaltools.gnu-tools-for-stm32.12.3.rel1.win32_1.0.100.202403111256/tools/bin/../lib/gcc/arm-none-eabi/12.3.1/../../../../arm-none-eabi/lib/thumb/v7-m/nofp\libc_nano.a(libc_a-memcpy-stub.o)
                0x08005710                memcpy
 .text._free_r  0x0800572c       0x90 C:/ST/STM32CubeIDE_1.15.0/STM32CubeIDE/plugins/com.st.stm32cube.ide.mcu.externaltools.gnu-tools-for-stm32.12.3.rel1.win32_1.0.100.202403111256/tools/bin/../lib/gcc/arm-none-eabi/12.3.1/../../../../arm-none-eabi/lib/thumb/v7-m/nofp\libc_nano.a(libc_a-freer.o)
                0x0800572c                _free_r
 .text.sbrk_aligned
                0x080057bc       0x44 C:/ST/STM32CubeIDE_1.15.0/STM32CubeIDE/plugins/com.st.stm32cube.ide.mcu.externaltools.gnu-tools-for-stm32.12.3.rel1.win32_1.0.100.202403111256/tools/bin/../lib/gcc/arm-none-eabi/12.3.1/../../../../arm-none-eabi/lib/thumb/v7-m/nofp\libc_nano.a(libc_a-mallocr.o)
 .text._malloc_r
                0x08005800      0x100 C:/ST/STM32CubeIDE_1.15.0/STM32CubeIDE/plugins/com.st.stm32cube.ide.mcu.externaltools.gnu-tools-for-stm32.12.3.rel1.win32_1.0.100.202403111256/tools/bin/../lib/gcc/arm-none-eabi/12.3.1/../../../../arm-none-eabi/lib/thumb/v7-m/nofp\libc_nano.a(libc_a-mallocr.o)
                0x08005800                _malloc_r
 .text.__malloc_lock
                0x08005900        0xc C:/ST/STM32CubeIDE_1.15.0/STM32CubeIDE/plugins/com.st.stm32cube.ide.mcu.externaltools.gnu-tools-for-stm32.12.3.rel1.win32_1.0.100.202403111256/tools/bin/../lib/gcc/arm-none-eabi/12.3.1/../../../../arm-none-eabi/lib/thumb/v7-m/nofp\libc_nano.a(libc_a-mlock.o)
                0x08005900                __malloc_lock
 .text.__malloc_unlock
                0x0800590c        0xc C:/ST/STM32CubeIDE_1.15.0/STM32CubeIDE/plugins/com.st.stm32cube.ide.mcu.externaltools.gnu-tools-for-stm32.12.3.rel1.win32_1.0.100.202403111256/tools/bin/../lib/gcc/arm-none-eabi/12.3.1/../../../../arm-none-eabi/lib/thumb/v7-m/nofp\libc_nano.a(libc_a-mlock.o)
                0x0800590c                __malloc_unlock
 .text.__ssputs_r
                0x08005918       0xb6 C:/ST/STM32CubeIDE_1.15.0/STM32CubeIDE/plugins/com.st.stm32cube.ide.mcu.externaltools.gnu-tools-for-stm32.12.3.rel1.win32_1.0.100.202403111256/tools/bin/../lib/gcc/arm-none-eabi/12.3.1/../../../../arm-none-eabi/lib/thumb/v7-m/nofp\libc_nano.a(libc_a-nano-svfprintf.o)
                0x08005918                __ssputs_r
 *fill*         0x080059ce        0x2 
 .text._svfprintf_r
                0x080059d0      0x1f8 C:/ST/STM32CubeIDE_1.15.0/STM32CubeIDE/plugins/com.st.stm32cube.ide.mcu.externaltools.gnu-tools-for-stm32.12.3.rel1.win32_1.0.100.202403111256/tools/bin/../lib/gcc/arm-none-eabi/12.3.1/../../../../arm-none-eabi/lib/thumb/v7-m/nofp\libc_nano.a(libc_a-nano-svfprintf.o)
                0x080059d0                _svfiprintf_r
                0x080059d0                _svfprintf_r
 .text._printf_common
                0x08005bc8       0xe4 C:/ST/STM32CubeIDE_1.15.0/STM32CubeIDE/plugins/com.st.stm32cube.ide.mcu.externaltools.gnu-tools-for-stm32.12.3.rel1.win32_1.0.100.202403111256/tools/bin/../lib/gcc/arm-none-eabi/12.3.1/../../../../arm-none-eabi/lib/thumb/v7-m/nofp\libc_nano.a(libc_a-nano-vfprintf_i.o)
                0x08005bc8                _printf_common
 .text._printf_i
                0x08005cac      0x240 C:/ST/STM32CubeIDE_1.15.0/STM32CubeIDE/plugins/com.st.stm32cube.ide.mcu.externaltools.gnu-tools-for-stm32.12.3.rel1.win32_1.0.100.202403111256/tools/bin/../lib/gcc/arm-none-eabi/12.3.1/../../../../arm-none-eabi/lib/thumb/v7-m/nofp\libc_nano.a(libc_a-nano-vfprintf_i.o)
                0x08005cac                _printf_i
 .text.memmove  0x08005eec       0x34 C:/ST/STM32CubeIDE_1.15.0/STM32CubeIDE/plugins/com.st.stm32cube.ide.mcu.externaltools.gnu-tools-for-stm32.12.3.rel1.win32_1.0.100.202403111256/tools/bin/../lib/gcc/arm-none-eabi/12.3.1/../../../../arm-none-eabi/lib/thumb/v7-m/nofp\libc_nano.a(libc_a-memmove.o)
                0x08005eec                memmove
 .text._sbrk_r  0x08005f20       0x20 C:/ST/STM32CubeIDE_1.15.0/STM32CubeIDE/plugins/com.st.stm32cube.ide.mcu.externaltools.gnu-tools-for-stm32.12.3.rel1.win32_1.0.100.202403111256/tools/bin/../lib/gcc/arm-none-eabi/12.3.1/../../../../arm-none-eabi/lib/thumb/v7-m/nofp\libc_nano.a(libc_a-sbrkr.o)
                0x08005f20                _sbrk_r
 .text.memchr   0x08005f40       0x1c C:/ST/STM32CubeIDE_1.15.0/STM32CubeIDE/plugins/com.st.stm32cube.ide.mcu.externaltools.gnu-tools-for-stm32.12.3.rel1.win32_1.0.100.202403111256/tools/bin/../lib/gcc/arm-none-eabi/12.3.1/../../../../arm-none-eabi/lib/thumb/v7-m/nofp\libc_nano.a(libc_a-memchr-stub.o)
                0x08005f40                memchr
 .text._realloc_r
                0x08005f5c       0x5c C:/ST/STM32CubeIDE_1.15.0/STM32CubeIDE/plugins/com.st.stm32cube.ide.mcu.externaltools.gnu-tools-for-stm32.12.3.rel1.win32_1.0.100.202403111256/tools/bin/../lib/gcc/arm-none-eabi/12.3.1/../../../../arm-none-eabi/lib/thumb/v7-m/nofp\libc_nano.a(libc_a-reallocr.o)
                0x08005f5c                _realloc_r
 .text._malloc_usable_size_r
                0x08005fb8       0x10 C:/ST/STM32CubeIDE_1.15.0/STM32CubeIDE/plugins/com.st.stm32cube.ide.mcu.externaltools.gnu-tools-for-stm32.12.3.rel1.win32_1.0.100.202403111256/tools/bin/../lib/gcc/arm-none-eabi/12.3.1/../../../../arm-none-eabi/lib/thumb/v7-m/nofp\libc_nano.a(libc_a-msizer.o)
                0x08005fb8                _malloc_usable_size_r
 *(.glue_7)
 .glue_7        0x08005fc8        0x0 linker stubs
 *(.glue_7t)
 .glue_7t       0x08005fc8        0x0 linker stubs
 *(.eh_frame)
 .eh_frame      0x08005fc8        0x0 C:/ST/STM32CubeIDE_1.15.0/STM32CubeIDE/plugins/com.st.stm32cube.ide.mcu.externaltools.gnu-tools-for-stm32.12.3.rel1.win32_1.0.100.202403111256/tools/bin/../lib/gcc/arm-none-eabi/12.3.1/thumb/v7-m/nofp/crtbegin.o
 *(.init)
 .init          0x08005fc8        0x4 C:/ST/STM32CubeIDE_1.15.0/STM32CubeIDE/plugins/com.st.stm32cube.ide.mcu.externaltools.gnu-tools-for-stm32.12.3.rel1.win32_1.0.100.202403111256/tools/bin/../lib/gcc/arm-none-eabi/12.3.1/thumb/v7-m/nofp/crti.o
                0x08005fc8                _init
 .init          0x08005fcc        0x8 C:/ST/STM32CubeIDE_1.15.0/STM32CubeIDE/plugins/com.st.stm32cube.ide.mcu.externaltools.gnu-tools-for-stm32.12.3.rel1.win32_1.0.100.202403111256/tools/bin/../lib/gcc/arm-none-eabi/12.3.1/thumb/v7-m/nofp/crtn.o
 *(.fini)
 .fini          0x08005fd4        0x4 C:/ST/STM32CubeIDE_1.15.0/STM32CubeIDE/plugins/com.st.stm32cube.ide.mcu.externaltools.gnu-tools-for-stm32.12.3.rel1.win32_1.0.100.202403111256/tools/bin/../lib/gcc/arm-none-eabi/12.3.1/thumb/v7-m/nofp/crti.o
                0x08005fd4                _fini
 .fini          0x08005fd8        0x8 C:/ST/STM32CubeIDE_1.15.0/STM32CubeIDE/plugins/com.st.stm32cube.ide.mcu.externaltools.gnu-tools-for-stm32.12.3.rel1.win32_1.0.100.202403111256/tools/bin/../lib/gcc/arm-none-eabi/12.3.1/thumb/v7-m/nofp/crtn.o
                0x08005fe0                        . = ALIGN (0x4)
                0x08005fe0                        _etext = .

.vfp11_veneer   0x08005fe0        0x0
 .vfp11_veneer  0x08005fe0        0x0 linker stubs

.v4_bx          0x08005fe0        0x0
 .v4_bx         0x08005fe0        0x0 linker stubs

.iplt           0x08005fe0        0x0
 .iplt          0x08005fe0        0x0 C:/ST/STM32CubeIDE_1.15.0/STM32CubeIDE/plugins/com.st.stm32cube.ide.mcu.externaltools.gnu-tools-for-stm32.12.3.rel1.win32_1.0.100.202403111256/tools/bin/../lib/gcc/arm-none-eabi/12.3.1/thumb/v7-m/nofp/crtbegin.o

.rodata         0x08005fe0      0x350
                0x08005fe0                        . = ALIGN (0x4)
 *(.rodata)
 .rodata        0x08005fe0       0xda ./Core/Src/main.o
 *fill*         0x080060ba        0x2 
 .rodata        0x080060bc       0x16 ./Core/Src/user-gpio.o
 *fill*         0x080060d2        0x2 
 .rodata        0x080060d4       0xc2 ./Core/Src/user-it.o
 *fill*         0x08006196        0x2 
 .rodata        0x08006198      0x110 ./Core/Src/user-task02.o
 .rodata        0x080062a8        0xf ./Core/Src/user-uart.o
 *fill*         0x080062b7        0x1 
 .rodata        0x080062b8        0x5 ./Middlewares/Third_Party/FreeRTOS/Source/tasks.o
 *fill*         0x080062bd        0x3 
 .rodata        0x080062c0        0xd ./Middlewares/Third_Party/FreeRTOS/Source/timers.o
 *(.rodata*)
 *fill*         0x080062cd        0x3 
 .rodata.AHBPrescTable
                0x080062d0       0x10 ./Core/Src/system_stm32f1xx.o
                0x080062d0                AHBPrescTable
 .rodata.APBPrescTable
                0x080062e0        0x8 ./Core/Src/system_stm32f1xx.o
                0x080062e0                APBPrescTable
 .rodata.aPLLMULFactorTable.1
                0x080062e8       0x10 ./Drivers/STM32F1xx_HAL_Driver/Src/stm32f1xx_hal_rcc.o
 .rodata.aPredivFactorTable.0
                0x080062f8        0x2 ./Drivers/STM32F1xx_HAL_Driver/Src/stm32f1xx_hal_rcc.o
 .rodata._svfprintf_r.str1.1
                0x080062fa       0x11 C:/ST/STM32CubeIDE_1.15.0/STM32CubeIDE/plugins/com.st.stm32cube.ide.mcu.externaltools.gnu-tools-for-stm32.12.3.rel1.win32_1.0.100.202403111256/tools/bin/../lib/gcc/arm-none-eabi/12.3.1/../../../../arm-none-eabi/lib/thumb/v7-m/nofp\libc_nano.a(libc_a-nano-svfprintf.o)
 .rodata._printf_i.str1.1
                0x0800630b       0x22 C:/ST/STM32CubeIDE_1.15.0/STM32CubeIDE/plugins/com.st.stm32cube.ide.mcu.externaltools.gnu-tools-for-stm32.12.3.rel1.win32_1.0.100.202403111256/tools/bin/../lib/gcc/arm-none-eabi/12.3.1/../../../../arm-none-eabi/lib/thumb/v7-m/nofp\libc_nano.a(libc_a-nano-vfprintf_i.o)
                0x08006330                        . = ALIGN (0x4)
 *fill*         0x0800632d        0x3 

.ARM.extab      0x08006330        0x0
                0x08006330                        . = ALIGN (0x4)
 *(.ARM.extab* .gnu.linkonce.armextab.*)
                0x08006330                        . = ALIGN (0x4)

.ARM            0x08006330        0x8
                0x08006330                        . = ALIGN (0x4)
                0x08006330                        __exidx_start = .
 *(.ARM.exidx*)
 .ARM.exidx     0x08006330        0x8 C:/ST/STM32CubeIDE_1.15.0/STM32CubeIDE/plugins/com.st.stm32cube.ide.mcu.externaltools.gnu-tools-for-stm32.12.3.rel1.win32_1.0.100.202403111256/tools/bin/../lib/gcc/arm-none-eabi/12.3.1/../../../../arm-none-eabi/lib/thumb/v7-m/nofp\libc_nano.a(libc_a-strlen.o)
                0x08006338                        __exidx_end = .
                0x08006338                        . = ALIGN (0x4)

.rel.dyn        0x08006338        0x0
 .rel.iplt      0x08006338        0x0 C:/ST/STM32CubeIDE_1.15.0/STM32CubeIDE/plugins/com.st.stm32cube.ide.mcu.externaltools.gnu-tools-for-stm32.12.3.rel1.win32_1.0.100.202403111256/tools/bin/../lib/gcc/arm-none-eabi/12.3.1/thumb/v7-m/nofp/crtbegin.o

.preinit_array  0x08006338        0x0
                0x08006338                        . = ALIGN (0x4)
                0x08006338                        PROVIDE (__preinit_array_start = .)
 *(.preinit_array*)
                0x08006338                        PROVIDE (__preinit_array_end = .)
                0x08006338                        . = ALIGN (0x4)

.init_array     0x08006338        0x4
                0x08006338                        . = ALIGN (0x4)
                0x08006338                        PROVIDE (__init_array_start = .)
 *(SORT_BY_NAME(.init_array.*))
 *(.init_array*)
 .init_array    0x08006338        0x4 C:/ST/STM32CubeIDE_1.15.0/STM32CubeIDE/plugins/com.st.stm32cube.ide.mcu.externaltools.gnu-tools-for-stm32.12.3.rel1.win32_1.0.100.202403111256/tools/bin/../lib/gcc/arm-none-eabi/12.3.1/thumb/v7-m/nofp/crtbegin.o
                0x0800633c                        PROVIDE (__init_array_end = .)
                0x0800633c                        . = ALIGN (0x4)

.fini_array     0x0800633c        0x4
                0x0800633c                        . = ALIGN (0x4)
                [!provide]                        PROVIDE (__fini_array_start = .)
 *(SORT_BY_NAME(.fini_array.*))
 *(.fini_array*)
 .fini_array    0x0800633c        0x4 C:/ST/STM32CubeIDE_1.15.0/STM32CubeIDE/plugins/com.st.stm32cube.ide.mcu.externaltools.gnu-tools-for-stm32.12.3.rel1.win32_1.0.100.202403111256/tools/bin/../lib/gcc/arm-none-eabi/12.3.1/thumb/v7-m/nofp/crtbegin.o
                [!provide]                        PROVIDE (__fini_array_end = .)
                0x08006340                        . = ALIGN (0x4)
                0x08006340                        _sidata = LOADADDR (.data)

.data           0x20000000       0x60 load address 0x08006340
                0x20000000                        . = ALIGN (0x4)
                0x20000000                        _sdata = .
 *(.data)
 *(.data*)
 .data.SystemCoreClock
                0x20000000        0x4 ./Core/Src/system_stm32f1xx.o
                0x20000000                SystemCoreClock
 .data.uwTickPrio
                0x20000004        0x4 ./Drivers/STM32F1xx_HAL_Driver/Src/stm32f1xx_hal.o
                0x20000004                uwTickPrio
 .data.uwTickFreq
                0x20000008        0x1 ./Drivers/STM32F1xx_HAL_Driver/Src/stm32f1xx_hal.o
                0x20000008                uwTickFreq
 *fill*         0x20000009        0x3 
 .data.uxCriticalNesting
                0x2000000c        0x4 ./Middlewares/Third_Party/FreeRTOS/Source/portable/GCC/ARM_CM3/port.o
 .data._impure_ptr
                0x20000010        0x4 C:/ST/STM32CubeIDE_1.15.0/STM32CubeIDE/plugins/com.st.stm32cube.ide.mcu.externaltools.gnu-tools-for-stm32.12.3.rel1.win32_1.0.100.202403111256/tools/bin/../lib/gcc/arm-none-eabi/12.3.1/../../../../arm-none-eabi/lib/thumb/v7-m/nofp\libc_nano.a(libc_a-impure.o)
                0x20000010                _impure_ptr
 .data._impure_data
                0x20000014       0x4c C:/ST/STM32CubeIDE_1.15.0/STM32CubeIDE/plugins/com.st.stm32cube.ide.mcu.externaltools.gnu-tools-for-stm32.12.3.rel1.win32_1.0.100.202403111256/tools/bin/../lib/gcc/arm-none-eabi/12.3.1/../../../../arm-none-eabi/lib/thumb/v7-m/nofp\libc_nano.a(libc_a-impure.o)
                0x20000014                _impure_data
 *(.RamFunc)
 *(.RamFunc*)
                0x20000060                        . = ALIGN (0x4)
                0x20000060                        _edata = .

.igot.plt       0x20000060        0x0 load address 0x080063a0
 .igot.plt      0x20000060        0x0 C:/ST/STM32CubeIDE_1.15.0/STM32CubeIDE/plugins/com.st.stm32cube.ide.mcu.externaltools.gnu-tools-for-stm32.12.3.rel1.win32_1.0.100.202403111256/tools/bin/../lib/gcc/arm-none-eabi/12.3.1/thumb/v7-m/nofp/crtbegin.o
                0x20000060                        . = ALIGN (0x4)

.bss            0x20000060     0x19ac load address 0x080063a0
                0x20000060                        _sbss = .
                0x20000060                        __bss_start__ = _sbss
 *(.bss)
 .bss           0x20000060       0x1c C:/ST/STM32CubeIDE_1.15.0/STM32CubeIDE/plugins/com.st.stm32cube.ide.mcu.externaltools.gnu-tools-for-stm32.12.3.rel1.win32_1.0.100.202403111256/tools/bin/../lib/gcc/arm-none-eabi/12.3.1/thumb/v7-m/nofp/crtbegin.o
 *(.bss*)
 .bss.xIdleTaskTCBBuffer
                0x2000007c       0xa0 ./Core/Src/freertos.o
 .bss.xIdleStack
                0x2000011c      0x200 ./Core/Src/freertos.o
 .bss.xTimerTaskTCBBuffer
                0x2000031c       0xa0 ./Core/Src/freertos.o
 .bss.xTimerStack
                0x200003bc      0x400 ./Core/Src/freertos.o
 .bss.htim1     0x200007bc       0x48 ./Core/Src/main.o
                0x200007bc                htim1
 .bss.htim2     0x20000804       0x48 ./Core/Src/main.o
                0x20000804                htim2
 .bss.htim3     0x2000084c       0x48 ./Core/Src/main.o
                0x2000084c                htim3
 .bss.huart1    0x20000894       0x48 ./Core/Src/main.o
                0x20000894                huart1
 .bss.defaultTaskHandle
                0x200008dc        0x4 ./Core/Src/main.o
                0x200008dc                defaultTaskHandle
 .bss.__sbrk_heap_end
                0x200008e0        0x4 ./Core/Src/sysmem.o
 .bss.sw_count_flag
                0x200008e4        0x4 ./Core/Src/user-it.o
                0x200008e4                sw_count_flag
 .bss.cnt.0     0x200008e8        0x4 ./Core/Src/user-it.o
 .bss.StringBuf
                0x200008ec       0xa0 ./Core/Src/user-task02.o
 .bss.LEDThread1Handle
                0x2000098c        0x4 ./Core/Src/user-task02.o
                0x2000098c                LEDThread1Handle
 .bss.LEDThread2Handle
                0x20000990        0x4 ./Core/Src/user-task02.o
                0x20000990                LEDThread2Handle
 .bss.osSemaphoreISR
                0x20000994        0x4 ./Core/Src/user-task04.o
                0x20000994                osSemaphoreISR
 .bss.UartBuf   0x20000998       0xa0 ./Core/Src/user-uart.o
                0x20000998                UartBuf
 .bss.uwTick    0x20000a38        0x4 ./Drivers/STM32F1xx_HAL_Driver/Src/stm32f1xx_hal.o
                0x20000a38                uwTick
 .bss.xQueueRegistry
                0x20000a3c       0x40 ./Middlewares/Third_Party/FreeRTOS/Source/queue.o
                0x20000a3c                xQueueRegistry
 .bss.pxCurrentTCB
                0x20000a7c        0x4 ./Middlewares/Third_Party/FreeRTOS/Source/tasks.o
                0x20000a7c                pxCurrentTCB
 .bss.pxReadyTasksLists
                0x20000a80       0x8c ./Middlewares/Third_Party/FreeRTOS/Source/tasks.o
 .bss.xDelayedTaskList1
                0x20000b0c       0x14 ./Middlewares/Third_Party/FreeRTOS/Source/tasks.o
 .bss.xDelayedTaskList2
                0x20000b20       0x14 ./Middlewares/Third_Party/FreeRTOS/Source/tasks.o
 .bss.pxDelayedTaskList
                0x20000b34        0x4 ./Middlewares/Third_Party/FreeRTOS/Source/tasks.o
 .bss.pxOverflowDelayedTaskList
                0x20000b38        0x4 ./Middlewares/Third_Party/FreeRTOS/Source/tasks.o
 .bss.xPendingReadyList
                0x20000b3c       0x14 ./Middlewares/Third_Party/FreeRTOS/Source/tasks.o
 .bss.xTasksWaitingTermination
                0x20000b50       0x14 ./Middlewares/Third_Party/FreeRTOS/Source/tasks.o
 .bss.uxDeletedTasksWaitingCleanUp
                0x20000b64        0x4 ./Middlewares/Third_Party/FreeRTOS/Source/tasks.o
 .bss.xSuspendedTaskList
                0x20000b68       0x14 ./Middlewares/Third_Party/FreeRTOS/Source/tasks.o
 .bss.uxCurrentNumberOfTasks
                0x20000b7c        0x4 ./Middlewares/Third_Party/FreeRTOS/Source/tasks.o
 .bss.xTickCount
                0x20000b80        0x4 ./Middlewares/Third_Party/FreeRTOS/Source/tasks.o
 .bss.uxTopReadyPriority
                0x20000b84        0x4 ./Middlewares/Third_Party/FreeRTOS/Source/tasks.o
 .bss.xSchedulerRunning
                0x20000b88        0x4 ./Middlewares/Third_Party/FreeRTOS/Source/tasks.o
 .bss.uxPendedTicks
                0x20000b8c        0x4 ./Middlewares/Third_Party/FreeRTOS/Source/tasks.o
 .bss.xYieldPending
                0x20000b90        0x4 ./Middlewares/Third_Party/FreeRTOS/Source/tasks.o
 .bss.xNumOfOverflows
                0x20000b94        0x4 ./Middlewares/Third_Party/FreeRTOS/Source/tasks.o
 .bss.uxTaskNumber
                0x20000b98        0x4 ./Middlewares/Third_Party/FreeRTOS/Source/tasks.o
 .bss.xNextTaskUnblockTime
                0x20000b9c        0x4 ./Middlewares/Third_Party/FreeRTOS/Source/tasks.o
 .bss.xIdleTaskHandle
                0x20000ba0        0x4 ./Middlewares/Third_Party/FreeRTOS/Source/tasks.o
 .bss.uxSchedulerSuspended
                0x20000ba4        0x4 ./Middlewares/Third_Party/FreeRTOS/Source/tasks.o
 .bss.xActiveTimerList1
                0x20000ba8       0x14 ./Middlewares/Third_Party/FreeRTOS/Source/timers.o
 .bss.xActiveTimerList2
                0x20000bbc       0x14 ./Middlewares/Third_Party/FreeRTOS/Source/timers.o
 .bss.pxCurrentTimerList
                0x20000bd0        0x4 ./Middlewares/Third_Party/FreeRTOS/Source/timers.o
 .bss.pxOverflowTimerList
                0x20000bd4        0x4 ./Middlewares/Third_Party/FreeRTOS/Source/timers.o
 .bss.xTimerQueue
                0x20000bd8        0x4 ./Middlewares/Third_Party/FreeRTOS/Source/timers.o
 .bss.xTimerTaskHandle
                0x20000bdc        0x4 ./Middlewares/Third_Party/FreeRTOS/Source/timers.o
 .bss.xLastTime.2
                0x20000be0        0x4 ./Middlewares/Third_Party/FreeRTOS/Source/timers.o
 .bss.ucStaticTimerQueueStorage.1
                0x20000be4       0x78 ./Middlewares/Third_Party/FreeRTOS/Source/timers.o
 .bss.xStaticTimerQueue.0
                0x20000c5c       0x48 ./Middlewares/Third_Party/FreeRTOS/Source/timers.o
 .bss.ucMaxSysCallPriority
                0x20000ca4        0x1 ./Middlewares/Third_Party/FreeRTOS/Source/portable/GCC/ARM_CM3/port.o
 *fill*         0x20000ca5        0x3 
 .bss.ulMaxPRIGROUPValue
                0x20000ca8        0x4 ./Middlewares/Third_Party/FreeRTOS/Source/portable/GCC/ARM_CM3/port.o
 .bss.ucHeap    0x20000cac      0xc00 ./Middlewares/Third_Party/FreeRTOS/Source/portable/MemMang/heap_4.o
 .bss.xStart    0x200018ac        0x8 ./Middlewares/Third_Party/FreeRTOS/Source/portable/MemMang/heap_4.o
 .bss.pxEnd     0x200018b4        0x4 ./Middlewares/Third_Party/FreeRTOS/Source/portable/MemMang/heap_4.o
 .bss.xFreeBytesRemaining
                0x200018b8        0x4 ./Middlewares/Third_Party/FreeRTOS/Source/portable/MemMang/heap_4.o
 .bss.xMinimumEverFreeBytesRemaining
                0x200018bc        0x4 ./Middlewares/Third_Party/FreeRTOS/Source/portable/MemMang/heap_4.o
 .bss.xBlockAllocatedBit
                0x200018c0        0x4 ./Middlewares/Third_Party/FreeRTOS/Source/portable/MemMang/heap_4.o
 .bss.__sf      0x200018c4      0x138 C:/ST/STM32CubeIDE_1.15.0/STM32CubeIDE/plugins/com.st.stm32cube.ide.mcu.externaltools.gnu-tools-for-stm32.12.3.rel1.win32_1.0.100.202403111256/tools/bin/../lib/gcc/arm-none-eabi/12.3.1/../../../../arm-none-eabi/lib/thumb/v7-m/nofp\libc_nano.a(libc_a-findfp.o)
                0x200018c4                __sf
 .bss.errno     0x200019fc        0x4 C:/ST/STM32CubeIDE_1.15.0/STM32CubeIDE/plugins/com.st.stm32cube.ide.mcu.externaltools.gnu-tools-for-stm32.12.3.rel1.win32_1.0.100.202403111256/tools/bin/../lib/gcc/arm-none-eabi/12.3.1/../../../../arm-none-eabi/lib/thumb/v7-m/nofp\libc_nano.a(libc_a-reent.o)
                0x200019fc                errno
 .bss.__lock___malloc_recursive_mutex
                0x20001a00        0x1 C:/ST/STM32CubeIDE_1.15.0/STM32CubeIDE/plugins/com.st.stm32cube.ide.mcu.externaltools.gnu-tools-for-stm32.12.3.rel1.win32_1.0.100.202403111256/tools/bin/../lib/gcc/arm-none-eabi/12.3.1/../../../../arm-none-eabi/lib/thumb/v7-m/nofp\libc_nano.a(libc_a-lock.o)
                0x20001a00                __lock___malloc_recursive_mutex
 *fill*         0x20001a01        0x3 
 .bss.__malloc_sbrk_start
                0x20001a04        0x4 C:/ST/STM32CubeIDE_1.15.0/STM32CubeIDE/plugins/com.st.stm32cube.ide.mcu.externaltools.gnu-tools-for-stm32.12.3.rel1.win32_1.0.100.202403111256/tools/bin/../lib/gcc/arm-none-eabi/12.3.1/../../../../arm-none-eabi/lib/thumb/v7-m/nofp\libc_nano.a(libc_a-mallocr.o)
                0x20001a04                __malloc_sbrk_start
 .bss.__malloc_free_list
                0x20001a08        0x4 C:/ST/STM32CubeIDE_1.15.0/STM32CubeIDE/plugins/com.st.stm32cube.ide.mcu.externaltools.gnu-tools-for-stm32.12.3.rel1.win32_1.0.100.202403111256/tools/bin/../lib/gcc/arm-none-eabi/12.3.1/../../../../arm-none-eabi/lib/thumb/v7-m/nofp\libc_nano.a(libc_a-mallocr.o)
                0x20001a08                __malloc_free_list
 *(COMMON)
                0x20001a0c                        . = ALIGN (0x4)
                0x20001a0c                        _ebss = .
                0x20001a0c                        __bss_end__ = _ebss

._user_heap_stack
                0x20001a0c      0x604 load address 0x080063a0
                0x20001a10                        . = ALIGN (0x8)
 *fill*         0x20001a0c        0x4 
                [!provide]                        PROVIDE (end = .)
                0x20001a10                        PROVIDE (_end = .)
                0x20001c10                        . = (. + _Min_Heap_Size)
 *fill*         0x20001a10      0x200 
                0x20002010                        . = (. + _Min_Stack_Size)
 *fill*         0x20001c10      0x400 
                0x20002010                        . = ALIGN (0x8)

/DISCARD/
 libc.a(*)
 libm.a(*)
 libgcc.a(*)

.ARM.attributes
                0x00000000       0x29
 *(.ARM.attributes)
 .ARM.attributes
                0x00000000       0x1d C:/ST/STM32CubeIDE_1.15.0/STM32CubeIDE/plugins/com.st.stm32cube.ide.mcu.externaltools.gnu-tools-for-stm32.12.3.rel1.win32_1.0.100.202403111256/tools/bin/../lib/gcc/arm-none-eabi/12.3.1/thumb/v7-m/nofp/crti.o
 .ARM.attributes
                0x0000001d       0x2d C:/ST/STM32CubeIDE_1.15.0/STM32CubeIDE/plugins/com.st.stm32cube.ide.mcu.externaltools.gnu-tools-for-stm32.12.3.rel1.win32_1.0.100.202403111256/tools/bin/../lib/gcc/arm-none-eabi/12.3.1/thumb/v7-m/nofp/crtbegin.o
 .ARM.attributes
                0x0000004a       0x2d ./Core/Src/freertos.o
 .ARM.attributes
                0x00000077       0x2d ./Core/Src/main.o
 .ARM.attributes
                0x000000a4       0x2d ./Core/Src/stm32f1xx_hal_msp.o
 .ARM.attributes
                0x000000d1       0x2d ./Core/Src/stm32f1xx_it.o
 .ARM.attributes
                0x000000fe       0x2d ./Core/Src/sysmem.o
 .ARM.attributes
                0x0000012b       0x2d ./Core/Src/system_stm32f1xx.o
 .ARM.attributes
                0x00000158       0x2d ./Core/Src/user-gpio.o
 .ARM.attributes
                0x00000185       0x2d ./Core/Src/user-it.o
 .ARM.attributes
                0x000001b2       0x2d ./Core/Src/user-task02.o
 .ARM.attributes
                0x000001df       0x2d ./Core/Src/user-task04.o
 .ARM.attributes
                0x0000020c       0x2d ./Core/Src/user-uart.o
 .ARM.attributes
                0x00000239       0x21 ./Core/Startup/startup_stm32f103rbtx.o
 .ARM.attributes
                0x0000025a       0x2d ./Drivers/STM32F1xx_HAL_Driver/Src/stm32f1xx_hal.o
 .ARM.attributes
                0x00000287       0x2d ./Drivers/STM32F1xx_HAL_Driver/Src/stm32f1xx_hal_cortex.o
 .ARM.attributes
                0x000002b4       0x2d ./Drivers/STM32F1xx_HAL_Driver/Src/stm32f1xx_hal_gpio.o
 .ARM.attributes
                0x000002e1       0x2d ./Drivers/STM32F1xx_HAL_Driver/Src/stm32f1xx_hal_rcc.o
 .ARM.attributes
                0x0000030e       0x2d ./Drivers/STM32F1xx_HAL_Driver/Src/stm32f1xx_hal_tim.o
 .ARM.attributes
                0x0000033b       0x2d ./Drivers/STM32F1xx_HAL_Driver/Src/stm32f1xx_hal_tim_ex.o
 .ARM.attributes
                0x00000368       0x2d ./Drivers/STM32F1xx_HAL_Driver/Src/stm32f1xx_hal_uart.o
 .ARM.attributes
                0x00000395       0x2d ./Middlewares/Third_Party/FreeRTOS/Source/CMSIS_RTOS/cmsis_os.o
 .ARM.attributes
                0x000003c2       0x2d ./Middlewares/Third_Party/FreeRTOS/Source/list.o
 .ARM.attributes
                0x000003ef       0x2d ./Middlewares/Third_Party/FreeRTOS/Source/queue.o
 .ARM.attributes
                0x0000041c       0x2d ./Middlewares/Third_Party/FreeRTOS/Source/tasks.o
 .ARM.attributes
                0x00000449       0x2d ./Middlewares/Third_Party/FreeRTOS/Source/timers.o
 .ARM.attributes
                0x00000476       0x2d ./Middlewares/Third_Party/FreeRTOS/Source/portable/GCC/ARM_CM3/port.o
 .ARM.attributes
                0x000004a3       0x2d ./Middlewares/Third_Party/FreeRTOS/Source/portable/MemMang/heap_4.o
 .ARM.attributes
                0x000004d0       0x2d C:/ST/STM32CubeIDE_1.15.0/STM32CubeIDE/plugins/com.st.stm32cube.ide.mcu.externaltools.gnu-tools-for-stm32.12.3.rel1.win32_1.0.100.202403111256/tools/bin/../lib/gcc/arm-none-eabi/12.3.1/../../../../arm-none-eabi/lib/thumb/v7-m/nofp\libc_nano.a(libc_a-findfp.o)
 .ARM.attributes
                0x000004fd       0x2d C:/ST/STM32CubeIDE_1.15.0/STM32CubeIDE/plugins/com.st.stm32cube.ide.mcu.externaltools.gnu-tools-for-stm32.12.3.rel1.win32_1.0.100.202403111256/tools/bin/../lib/gcc/arm-none-eabi/12.3.1/../../../../arm-none-eabi/lib/thumb/v7-m/nofp\libc_nano.a(libc_a-sprintf.o)
 .ARM.attributes
                0x0000052a       0x2d C:/ST/STM32CubeIDE_1.15.0/STM32CubeIDE/plugins/com.st.stm32cube.ide.mcu.externaltools.gnu-tools-for-stm32.12.3.rel1.win32_1.0.100.202403111256/tools/bin/../lib/gcc/arm-none-eabi/12.3.1/../../../../arm-none-eabi/lib/thumb/v7-m/nofp\libc_nano.a(libc_a-memset.o)
 .ARM.attributes
                0x00000557       0x2d C:/ST/STM32CubeIDE_1.15.0/STM32CubeIDE/plugins/com.st.stm32cube.ide.mcu.externaltools.gnu-tools-for-stm32.12.3.rel1.win32_1.0.100.202403111256/tools/bin/../lib/gcc/arm-none-eabi/12.3.1/../../../../arm-none-eabi/lib/thumb/v7-m/nofp\libc_nano.a(libc_a-reent.o)
 .ARM.attributes
                0x00000584       0x2d C:/ST/STM32CubeIDE_1.15.0/STM32CubeIDE/plugins/com.st.stm32cube.ide.mcu.externaltools.gnu-tools-for-stm32.12.3.rel1.win32_1.0.100.202403111256/tools/bin/../lib/gcc/arm-none-eabi/12.3.1/../../../../arm-none-eabi/lib/thumb/v7-m/nofp\libc_nano.a(libc_a-impure.o)
 .ARM.attributes
                0x000005b1       0x2d C:/ST/STM32CubeIDE_1.15.0/STM32CubeIDE/plugins/com.st.stm32cube.ide.mcu.externaltools.gnu-tools-for-stm32.12.3.rel1.win32_1.0.100.202403111256/tools/bin/../lib/gcc/arm-none-eabi/12.3.1/../../../../arm-none-eabi/lib/thumb/v7-m/nofp\libc_nano.a(libc_a-errno.o)
 .ARM.attributes
                0x000005de       0x2d C:/ST/STM32CubeIDE_1.15.0/STM32CubeIDE/plugins/com.st.stm32cube.ide.mcu.externaltools.gnu-tools-for-stm32.12.3.rel1.win32_1.0.100.202403111256/tools/bin/../lib/gcc/arm-none-eabi/12.3.1/../../../../arm-none-eabi/lib/thumb/v7-m/nofp\libc_nano.a(libc_a-init.o)
 .ARM.attributes
                0x0000060b       0x2d C:/ST/STM32CubeIDE_1.15.0/STM32CubeIDE/plugins/com.st.stm32cube.ide.mcu.externaltools.gnu-tools-for-stm32.12.3.rel1.win32_1.0.100.202403111256/tools/bin/../lib/gcc/arm-none-eabi/12.3.1/../../../../arm-none-eabi/lib/thumb/v7-m/nofp\libc_nano.a(libc_a-lock.o)
 .ARM.attributes
                0x00000638       0x2d C:/ST/STM32CubeIDE_1.15.0/STM32CubeIDE/plugins/com.st.stm32cube.ide.mcu.externaltools.gnu-tools-for-stm32.12.3.rel1.win32_1.0.100.202403111256/tools/bin/../lib/gcc/arm-none-eabi/12.3.1/../../../../arm-none-eabi/lib/thumb/v7-m/nofp\libc_nano.a(libc_a-memcpy-stub.o)
 .ARM.attributes
                0x00000665       0x17 C:/ST/STM32CubeIDE_1.15.0/STM32CubeIDE/plugins/com.st.stm32cube.ide.mcu.externaltools.gnu-tools-for-stm32.12.3.rel1.win32_1.0.100.202403111256/tools/bin/../lib/gcc/arm-none-eabi/12.3.1/../../../../arm-none-eabi/lib/thumb/v7-m/nofp\libc_nano.a(libc_a-strlen.o)
 .ARM.attributes
                0x0000067c       0x2d C:/ST/STM32CubeIDE_1.15.0/STM32CubeIDE/plugins/com.st.stm32cube.ide.mcu.externaltools.gnu-tools-for-stm32.12.3.rel1.win32_1.0.100.202403111256/tools/bin/../lib/gcc/arm-none-eabi/12.3.1/../../../../arm-none-eabi/lib/thumb/v7-m/nofp\libc_nano.a(libc_a-freer.o)
 .ARM.attributes
                0x000006a9       0x2d C:/ST/STM32CubeIDE_1.15.0/STM32CubeIDE/plugins/com.st.stm32cube.ide.mcu.externaltools.gnu-tools-for-stm32.12.3.rel1.win32_1.0.100.202403111256/tools/bin/../lib/gcc/arm-none-eabi/12.3.1/../../../../arm-none-eabi/lib/thumb/v7-m/nofp\libc_nano.a(libc_a-mallocr.o)
 .ARM.attributes
                0x000006d6       0x2d C:/ST/STM32CubeIDE_1.15.0/STM32CubeIDE/plugins/com.st.stm32cube.ide.mcu.externaltools.gnu-tools-for-stm32.12.3.rel1.win32_1.0.100.202403111256/tools/bin/../lib/gcc/arm-none-eabi/12.3.1/../../../../arm-none-eabi/lib/thumb/v7-m/nofp\libc_nano.a(libc_a-mlock.o)
 .ARM.attributes
                0x00000703       0x2d C:/ST/STM32CubeIDE_1.15.0/STM32CubeIDE/plugins/com.st.stm32cube.ide.mcu.externaltools.gnu-tools-for-stm32.12.3.rel1.win32_1.0.100.202403111256/tools/bin/../lib/gcc/arm-none-eabi/12.3.1/../../../../arm-none-eabi/lib/thumb/v7-m/nofp\libc_nano.a(libc_a-nano-svfprintf.o)
 .ARM.attributes
                0x00000730       0x2d C:/ST/STM32CubeIDE_1.15.0/STM32CubeIDE/plugins/com.st.stm32cube.ide.mcu.externaltools.gnu-tools-for-stm32.12.3.rel1.win32_1.0.100.202403111256/tools/bin/../lib/gcc/arm-none-eabi/12.3.1/../../../../arm-none-eabi/lib/thumb/v7-m/nofp\libc_nano.a(libc_a-nano-vfprintf_i.o)
 .ARM.attributes
                0x0000075d       0x2d C:/ST/STM32CubeIDE_1.15.0/STM32CubeIDE/plugins/com.st.stm32cube.ide.mcu.externaltools.gnu-tools-for-stm32.12.3.rel1.win32_1.0.100.202403111256/tools/bin/../lib/gcc/arm-none-eabi/12.3.1/../../../../arm-none-eabi/lib/thumb/v7-m/nofp\libc_nano.a(libc_a-memmove.o)
 .ARM.attributes
                0x0000078a       0x2d C:/ST/STM32CubeIDE_1.15.0/STM32CubeIDE/plugins/com.st.stm32cube.ide.mcu.externaltools.gnu-tools-for-stm32.12.3.rel1.win32_1.0.100.202403111256/tools/bin/../lib/gcc/arm-none-eabi/12.3.1/../../../../arm-none-eabi/lib/thumb/v7-m/nofp\libc_nano.a(libc_a-sbrkr.o)
 .ARM.attributes
                0x000007b7       0x2d C:/ST/STM32CubeIDE_1.15.0/STM32CubeIDE/plugins/com.st.stm32cube.ide.mcu.externaltools.gnu-tools-for-stm32.12.3.rel1.win32_1.0.100.202403111256/tools/bin/../lib/gcc/arm-none-eabi/12.3.1/../../../../arm-none-eabi/lib/thumb/v7-m/nofp\libc_nano.a(libc_a-memchr-stub.o)
 .ARM.attributes
                0x000007e4       0x2d C:/ST/STM32CubeIDE_1.15.0/STM32CubeIDE/plugins/com.st.stm32cube.ide.mcu.externaltools.gnu-tools-for-stm32.12.3.rel1.win32_1.0.100.202403111256/tools/bin/../lib/gcc/arm-none-eabi/12.3.1/../../../../arm-none-eabi/lib/thumb/v7-m/nofp\libc_nano.a(libc_a-reallocr.o)
 .ARM.attributes
                0x00000811       0x2d C:/ST/STM32CubeIDE_1.15.0/STM32CubeIDE/plugins/com.st.stm32cube.ide.mcu.externaltools.gnu-tools-for-stm32.12.3.rel1.win32_1.0.100.202403111256/tools/bin/../lib/gcc/arm-none-eabi/12.3.1/../../../../arm-none-eabi/lib/thumb/v7-m/nofp\libc_nano.a(libc_a-msizer.o)
 .ARM.attributes
                0x0000083e       0x1d C:/ST/STM32CubeIDE_1.15.0/STM32CubeIDE/plugins/com.st.stm32cube.ide.mcu.externaltools.gnu-tools-for-stm32.12.3.rel1.win32_1.0.100.202403111256/tools/bin/../lib/gcc/arm-none-eabi/12.3.1/thumb/v7-m/nofp/crtn.o
OUTPUT(STM32F1-mango-freertos.elf elf32-littlearm)
LOAD linker stubs
LOAD C:/ST/STM32CubeIDE_1.15.0/STM32CubeIDE/plugins/com.st.stm32cube.ide.mcu.externaltools.gnu-tools-for-stm32.12.3.rel1.win32_1.0.100.202403111256/tools/bin/../lib/gcc/arm-none-eabi/12.3.1/../../../../arm-none-eabi/lib/thumb/v7-m/nofp\libc.a
LOAD C:/ST/STM32CubeIDE_1.15.0/STM32CubeIDE/plugins/com.st.stm32cube.ide.mcu.externaltools.gnu-tools-for-stm32.12.3.rel1.win32_1.0.100.202403111256/tools/bin/../lib/gcc/arm-none-eabi/12.3.1/../../../../arm-none-eabi/lib/thumb/v7-m/nofp\libm.a
LOAD C:/ST/STM32CubeIDE_1.15.0/STM32CubeIDE/plugins/com.st.stm32cube.ide.mcu.externaltools.gnu-tools-for-stm32.12.3.rel1.win32_1.0.100.202403111256/tools/bin/../lib/gcc/arm-none-eabi/12.3.1/thumb/v7-m/nofp\libgcc.a

.debug_info     0x00000000    0x18282
 .debug_info    0x00000000      0x98b ./Core/Src/freertos.o
 .debug_info    0x0000098b     0x1af1 ./Core/Src/main.o
 .debug_info    0x0000247c      0xcde ./Core/Src/stm32f1xx_hal_msp.o
 .debug_info    0x0000315a      0x758 ./Core/Src/stm32f1xx_it.o
 .debug_info    0x000038b2      0x168 ./Core/Src/sysmem.o
 .debug_info    0x00003a1a      0x222 ./Core/Src/system_stm32f1xx.o
 .debug_info    0x00003c3c      0x377 ./Core/Src/user-gpio.o
 .debug_info    0x00003fb3      0xaa7 ./Core/Src/user-it.o
 .debug_info    0x00004a5a     0x10e9 ./Core/Src/user-task02.o
 .debug_info    0x00005b43     0x1210 ./Core/Src/user-task04.o
 .debug_info    0x00006d53      0x66b ./Core/Src/user-uart.o
 .debug_info    0x000073be       0x30 ./Core/Startup/startup_stm32f103rbtx.o
 .debug_info    0x000073ee      0x704 ./Drivers/STM32F1xx_HAL_Driver/Src/stm32f1xx_hal.o
 .debug_info    0x00007af2      0xa87 ./Drivers/STM32F1xx_HAL_Driver/Src/stm32f1xx_hal_cortex.o
 .debug_info    0x00008579      0x5ab ./Drivers/STM32F1xx_HAL_Driver/Src/stm32f1xx_hal_gpio.o
 .debug_info    0x00008b24      0x7d5 ./Drivers/STM32F1xx_HAL_Driver/Src/stm32f1xx_hal_rcc.o
 .debug_info    0x000092f9     0x293b ./Drivers/STM32F1xx_HAL_Driver/Src/stm32f1xx_hal_tim.o
 .debug_info    0x0000bc34     0x149b ./Drivers/STM32F1xx_HAL_Driver/Src/stm32f1xx_hal_tim_ex.o
 .debug_info    0x0000d0cf     0x2fa8 ./Drivers/STM32F1xx_HAL_Driver/Src/stm32f1xx_hal_uart.o
 .debug_info    0x00010077     0x2394 ./Middlewares/Third_Party/FreeRTOS/Source/CMSIS_RTOS/cmsis_os.o
 .debug_info    0x0001240b      0x2aa ./Middlewares/Third_Party/FreeRTOS/Source/list.o
 .debug_info    0x000126b5     0x1790 ./Middlewares/Third_Party/FreeRTOS/Source/queue.o
 .debug_info    0x00013e45     0x23c4 ./Middlewares/Third_Party/FreeRTOS/Source/tasks.o
 .debug_info    0x00016209     0x1822 ./Middlewares/Third_Party/FreeRTOS/Source/timers.o
 .debug_info    0x00017a2b      0x494 ./Middlewares/Third_Party/FreeRTOS/Source/portable/GCC/ARM_CM3/port.o
 .debug_info    0x00017ebf      0x3c3 ./Middlewares/Third_Party/FreeRTOS/Source/portable/MemMang/heap_4.o

.debug_abbrev   0x00000000     0x3ab2
 .debug_abbrev  0x00000000      0x187 ./Core/Src/freertos.o
 .debug_abbrev  0x00000187      0x384 ./Core/Src/main.o
 .debug_abbrev  0x0000050b      0x1dd ./Core/Src/stm32f1xx_hal_msp.o
 .debug_abbrev  0x000006e8      0x1eb ./Core/Src/stm32f1xx_it.o
 .debug_abbrev  0x000008d3       0xbc ./Core/Src/sysmem.o
 .debug_abbrev  0x0000098f      0x13f ./Core/Src/system_stm32f1xx.o
 .debug_abbrev  0x00000ace      0x176 ./Core/Src/user-gpio.o
 .debug_abbrev  0x00000c44      0x1db ./Core/Src/user-it.o
 .debug_abbrev  0x00000e1f      0x28e ./Core/Src/user-task02.o
 .debug_abbrev  0x000010ad      0x242 ./Core/Src/user-task04.o
 .debug_abbrev  0x000012ef      0x1c8 ./Core/Src/user-uart.o
 .debug_abbrev  0x000014b7       0x24 ./Core/Startup/startup_stm32f103rbtx.o
 .debug_abbrev  0x000014db      0x201 ./Drivers/STM32F1xx_HAL_Driver/Src/stm32f1xx_hal.o
 .debug_abbrev  0x000016dc      0x2f8 ./Drivers/STM32F1xx_HAL_Driver/Src/stm32f1xx_hal_cortex.o
 .debug_abbrev  0x000019d4      0x1ca ./Drivers/STM32F1xx_HAL_Driver/Src/stm32f1xx_hal_gpio.o
 .debug_abbrev  0x00001b9e      0x2b3 ./Drivers/STM32F1xx_HAL_Driver/Src/stm32f1xx_hal_rcc.o
 .debug_abbrev  0x00001e51      0x277 ./Drivers/STM32F1xx_HAL_Driver/Src/stm32f1xx_hal_tim.o
 .debug_abbrev  0x000020c8      0x282 ./Drivers/STM32F1xx_HAL_Driver/Src/stm32f1xx_hal_tim_ex.o
 .debug_abbrev  0x0000234a      0x2f8 ./Drivers/STM32F1xx_HAL_Driver/Src/stm32f1xx_hal_uart.o
 .debug_abbrev  0x00002642      0x41b ./Middlewares/Third_Party/FreeRTOS/Source/CMSIS_RTOS/cmsis_os.o
 .debug_abbrev  0x00002a5d       0xf5 ./Middlewares/Third_Party/FreeRTOS/Source/list.o
 .debug_abbrev  0x00002b52      0x3ce ./Middlewares/Third_Party/FreeRTOS/Source/queue.o
 .debug_abbrev  0x00002f20      0x3e9 ./Middlewares/Third_Party/FreeRTOS/Source/tasks.o
 .debug_abbrev  0x00003309      0x34c ./Middlewares/Third_Party/FreeRTOS/Source/timers.o
 .debug_abbrev  0x00003655      0x258 ./Middlewares/Third_Party/FreeRTOS/Source/portable/GCC/ARM_CM3/port.o
 .debug_abbrev  0x000038ad      0x205 ./Middlewares/Third_Party/FreeRTOS/Source/portable/MemMang/heap_4.o

.debug_aranges  0x00000000     0x13e0
 .debug_aranges
                0x00000000       0x28 ./Core/Src/freertos.o
 .debug_aranges
                0x00000028       0x68 ./Core/Src/main.o
 .debug_aranges
                0x00000090       0x40 ./Core/Src/stm32f1xx_hal_msp.o
 .debug_aranges
                0x000000d0       0x90 ./Core/Src/stm32f1xx_it.o
 .debug_aranges
                0x00000160       0x20 ./Core/Src/sysmem.o
 .debug_aranges
                0x00000180       0x28 ./Core/Src/system_stm32f1xx.o
 .debug_aranges
                0x000001a8       0xd8 ./Core/Src/user-gpio.o
 .debug_aranges
                0x00000280       0x38 ./Core/Src/user-it.o
 .debug_aranges
                0x000002b8       0x30 ./Core/Src/user-task02.o
 .debug_aranges
                0x000002e8       0x28 ./Core/Src/user-task04.o
 .debug_aranges
                0x00000310       0x28 ./Core/Src/user-uart.o
 .debug_aranges
                0x00000338       0x28 ./Core/Startup/startup_stm32f103rbtx.o
 .debug_aranges
                0x00000360       0xe0 ./Drivers/STM32F1xx_HAL_Driver/Src/stm32f1xx_hal.o
 .debug_aranges
                0x00000440      0x100 ./Drivers/STM32F1xx_HAL_Driver/Src/stm32f1xx_hal_cortex.o
 .debug_aranges
                0x00000540       0x58 ./Drivers/STM32F1xx_HAL_Driver/Src/stm32f1xx_hal_gpio.o
 .debug_aranges
                0x00000598       0x90 ./Drivers/STM32F1xx_HAL_Driver/Src/stm32f1xx_hal_rcc.o
 .debug_aranges
                0x00000628      0x3d0 ./Drivers/STM32F1xx_HAL_Driver/Src/stm32f1xx_hal_tim.o
 .debug_aranges
                0x000009f8      0x168 ./Drivers/STM32F1xx_HAL_Driver/Src/stm32f1xx_hal_tim_ex.o
 .debug_aranges
                0x00000b60      0x208 ./Drivers/STM32F1xx_HAL_Driver/Src/stm32f1xx_hal_uart.o
 .debug_aranges
                0x00000d68      0x1e8 ./Middlewares/Third_Party/FreeRTOS/Source/CMSIS_RTOS/cmsis_os.o
 .debug_aranges
                0x00000f50       0x40 ./Middlewares/Third_Party/FreeRTOS/Source/list.o
 .debug_aranges
                0x00000f90      0x110 ./Middlewares/Third_Party/FreeRTOS/Source/queue.o
 .debug_aranges
                0x000010a0      0x1b8 ./Middlewares/Third_Party/FreeRTOS/Source/tasks.o
 .debug_aranges
                0x00001258       0xc0 ./Middlewares/Third_Party/FreeRTOS/Source/timers.o
 .debug_aranges
                0x00001318       0x78 ./Middlewares/Third_Party/FreeRTOS/Source/portable/GCC/ARM_CM3/port.o
 .debug_aranges
                0x00001390       0x50 ./Middlewares/Third_Party/FreeRTOS/Source/portable/MemMang/heap_4.o

.debug_rnglists
                0x00000000      0xf56
 .debug_rnglists
                0x00000000       0x19 ./Core/Src/freertos.o
 .debug_rnglists
                0x00000019       0x4e ./Core/Src/main.o
 .debug_rnglists
                0x00000067       0x2e ./Core/Src/stm32f1xx_hal_msp.o
 .debug_rnglists
                0x00000095       0x67 ./Core/Src/stm32f1xx_it.o
 .debug_rnglists
                0x000000fc       0x13 ./Core/Src/sysmem.o
 .debug_rnglists
                0x0000010f       0x1a ./Core/Src/system_stm32f1xx.o
 .debug_rnglists
                0x00000129       0x9e ./Core/Src/user-gpio.o
 .debug_rnglists
                0x000001c7       0x26 ./Core/Src/user-it.o
 .debug_rnglists
                0x000001ed       0x20 ./Core/Src/user-task02.o
 .debug_rnglists
                0x0000020d       0x19 ./Core/Src/user-task04.o
 .debug_rnglists
                0x00000226       0x19 ./Core/Src/user-uart.o
 .debug_rnglists
                0x0000023f       0x19 ./Core/Startup/startup_stm32f103rbtx.o
 .debug_rnglists
                0x00000258       0xa3 ./Drivers/STM32F1xx_HAL_Driver/Src/stm32f1xx_hal.o
 .debug_rnglists
                0x000002fb       0xbb ./Drivers/STM32F1xx_HAL_Driver/Src/stm32f1xx_hal_cortex.o
 .debug_rnglists
                0x000003b6       0x3f ./Drivers/STM32F1xx_HAL_Driver/Src/stm32f1xx_hal_gpio.o
 .debug_rnglists
                0x000003f5       0x6c ./Drivers/STM32F1xx_HAL_Driver/Src/stm32f1xx_hal_rcc.o
 .debug_rnglists
                0x00000461      0x31a ./Drivers/STM32F1xx_HAL_Driver/Src/stm32f1xx_hal_tim.o
 .debug_rnglists
                0x0000077b      0x125 ./Drivers/STM32F1xx_HAL_Driver/Src/stm32f1xx_hal_tim_ex.o
 .debug_rnglists
                0x000008a0      0x1bc ./Drivers/STM32F1xx_HAL_Driver/Src/stm32f1xx_hal_uart.o
 .debug_rnglists
                0x00000a5c      0x177 ./Middlewares/Third_Party/FreeRTOS/Source/CMSIS_RTOS/cmsis_os.o
 .debug_rnglists
                0x00000bd3       0x2b ./Middlewares/Third_Party/FreeRTOS/Source/list.o
 .debug_rnglists
                0x00000bfe       0xd3 ./Middlewares/Third_Party/FreeRTOS/Source/queue.o
 .debug_rnglists
                0x00000cd1      0x160 ./Middlewares/Third_Party/FreeRTOS/Source/tasks.o
 .debug_rnglists
                0x00000e31       0x93 ./Middlewares/Third_Party/FreeRTOS/Source/timers.o
 .debug_rnglists
                0x00000ec4       0x57 ./Middlewares/Third_Party/FreeRTOS/Source/portable/GCC/ARM_CM3/port.o
 .debug_rnglists
                0x00000f1b       0x3b ./Middlewares/Third_Party/FreeRTOS/Source/portable/MemMang/heap_4.o

.debug_macro    0x00000000    0x1aee1
 .debug_macro   0x00000000      0x39a ./Core/Src/freertos.o
 .debug_macro   0x0000039a      0xaa8 ./Core/Src/freertos.o
 .debug_macro   0x00000e42      0x189 ./Core/Src/freertos.o
 .debug_macro   0x00000fcb       0x22 ./Core/Src/freertos.o
 .debug_macro   0x00000fed       0x8e ./Core/Src/freertos.o
 .debug_macro   0x0000107b       0x51 ./Core/Src/freertos.o
 .debug_macro   0x000010cc      0x103 ./Core/Src/freertos.o
 .debug_macro   0x000011cf       0x6a ./Core/Src/freertos.o
 .debug_macro   0x00001239      0x1df ./Core/Src/freertos.o
 .debug_macro   0x00001418       0xf6 ./Core/Src/freertos.o
 .debug_macro   0x0000150e      0x15a ./Core/Src/freertos.o
 .debug_macro   0x00001668       0xd7 ./Core/Src/freertos.o
 .debug_macro   0x0000173f       0x10 ./Core/Src/freertos.o
 .debug_macro   0x0000174f       0x1f ./Core/Src/freertos.o
 .debug_macro   0x0000176e       0x61 ./Core/Src/freertos.o
 .debug_macro   0x000017cf       0x24 ./Core/Src/freertos.o
 .debug_macro   0x000017f3       0x43 ./Core/Src/freertos.o
 .debug_macro   0x00001836       0x34 ./Core/Src/freertos.o
 .debug_macro   0x0000186a       0x16 ./Core/Src/freertos.o
 .debug_macro   0x00001880       0x43 ./Core/Src/freertos.o
 .debug_macro   0x000018c3       0x34 ./Core/Src/freertos.o
 .debug_macro   0x000018f7       0x10 ./Core/Src/freertos.o
 .debug_macro   0x00001907       0x58 ./Core/Src/freertos.o
 .debug_macro   0x0000195f       0x8e ./Core/Src/freertos.o
 .debug_macro   0x000019ed       0x1c ./Core/Src/freertos.o
 .debug_macro   0x00001a09      0x177 ./Core/Src/freertos.o
 .debug_macro   0x00001b80       0x10 ./Core/Src/freertos.o
 .debug_macro   0x00001b90       0x35 ./Core/Src/freertos.o
 .debug_macro   0x00001bc5      0x4a3 ./Core/Src/freertos.o
 .debug_macro   0x00002068       0xb5 ./Core/Src/freertos.o
 .debug_macro   0x0000211d       0x8c ./Core/Src/freertos.o
 .debug_macro   0x000021a9      0x21b ./Core/Src/freertos.o
 .debug_macro   0x000023c4       0x2e ./Core/Src/freertos.o
 .debug_macro   0x000023f2       0x22 ./Core/Src/freertos.o
 .debug_macro   0x00002414       0x1c ./Core/Src/freertos.o
 .debug_macro   0x00002430       0x22 ./Core/Src/freertos.o
 .debug_macro   0x00002452       0xbd ./Core/Src/freertos.o
 .debug_macro   0x0000250f      0xd23 ./Core/Src/freertos.o
 .debug_macro   0x00003232     0xe09e ./Core/Src/freertos.o
 .debug_macro   0x000112d0       0x6d ./Core/Src/freertos.o
 .debug_macro   0x0001133d     0x348d ./Core/Src/freertos.o
 .debug_macro   0x000147ca       0x5c ./Core/Src/freertos.o
 .debug_macro   0x00014826      0x5bc ./Core/Src/freertos.o
 .debug_macro   0x00014de2      0x289 ./Core/Src/freertos.o
 .debug_macro   0x0001506b      0x1cb ./Core/Src/freertos.o
 .debug_macro   0x00015236      0x114 ./Core/Src/freertos.o
 .debug_macro   0x0001534a      0x1b2 ./Core/Src/freertos.o
 .debug_macro   0x000154fc       0x27 ./Core/Src/freertos.o
 .debug_macro   0x00015523      0x136 ./Core/Src/freertos.o
 .debug_macro   0x00015659      0x1bc ./Core/Src/freertos.o
 .debug_macro   0x00015815       0x34 ./Core/Src/freertos.o
 .debug_macro   0x00015849       0x3c ./Core/Src/freertos.o
 .debug_macro   0x00015885       0x57 ./Core/Src/freertos.o
 .debug_macro   0x000158dc       0x87 ./Core/Src/freertos.o
 .debug_macro   0x00015963      0x240 ./Core/Src/freertos.o
 .debug_macro   0x00015ba3      0x140 ./Core/Src/freertos.o
 .debug_macro   0x00015ce3      0x8ed ./Core/Src/freertos.o
 .debug_macro   0x000165d0      0x28e ./Core/Src/freertos.o
 .debug_macro   0x0001685e       0x83 ./Core/Src/freertos.o
 .debug_macro   0x000168e1       0x6a ./Core/Src/freertos.o
 .debug_macro   0x0001694b       0x1c ./Core/Src/freertos.o
 .debug_macro   0x00016967      0x369 ./Core/Src/freertos.o
 .debug_macro   0x00016cd0       0x10 ./Core/Src/freertos.o
 .debug_macro   0x00016ce0       0x1c ./Core/Src/freertos.o
 .debug_macro   0x00016cfc       0x16 ./Core/Src/freertos.o
 .debug_macro   0x00016d12      0x146 ./Core/Src/freertos.o
 .debug_macro   0x00016e58       0x16 ./Core/Src/freertos.o
 .debug_macro   0x00016e6e       0x20 ./Core/Src/freertos.o
 .debug_macro   0x00016e8e       0x52 ./Core/Src/freertos.o
 .debug_macro   0x00016ee0       0x91 ./Core/Src/freertos.o
 .debug_macro   0x00016f71       0x8d ./Core/Src/freertos.o
 .debug_macro   0x00016ffe       0x7e ./Core/Src/freertos.o
 .debug_macro   0x0001707c       0x19 ./Core/Src/freertos.o
 .debug_macro   0x00017095       0xf2 ./Core/Src/freertos.o
 .debug_macro   0x00017187      0x3a4 ./Core/Src/main.o
 .debug_macro   0x0001752b       0x16 ./Core/Src/main.o
 .debug_macro   0x00017541       0x16 ./Core/Src/main.o
 .debug_macro   0x00017557       0xf6 ./Core/Src/main.o
 .debug_macro   0x0001764d       0x16 ./Core/Src/main.o
 .debug_macro   0x00017663      0x3a0 ./Core/Src/stm32f1xx_hal_msp.o
 .debug_macro   0x00017a03      0x3aa ./Core/Src/stm32f1xx_it.o
 .debug_macro   0x00017dad       0xff ./Core/Src/sysmem.o
 .debug_macro   0x00017eac      0x23c ./Core/Src/sysmem.o
 .debug_macro   0x000180e8      0x1a3 ./Core/Src/system_stm32f1xx.o
 .debug_macro   0x0001828b      0x1b2 ./Core/Src/user-gpio.o
 .debug_macro   0x0001843d       0x64 ./Core/Src/user-gpio.o
 .debug_macro   0x000184a1      0x388 ./Core/Src/user-it.o
 .debug_macro   0x00018829      0x38c ./Core/Src/user-task02.o
 .debug_macro   0x00018bb5      0x38c ./Core/Src/user-task04.o
 .debug_macro   0x00018f41      0x2b4 ./Core/Src/user-uart.o
 .debug_macro   0x000191f5       0x9e ./Core/Src/user-uart.o
 .debug_macro   0x00019293      0x10b ./Core/Src/user-uart.o
 .debug_macro   0x0001939e       0x56 ./Core/Src/user-uart.o
 .debug_macro   0x000193f4      0x1c7 ./Drivers/STM32F1xx_HAL_Driver/Src/stm32f1xx_hal.o
 .debug_macro   0x000195bb      0x1a3 ./Drivers/STM32F1xx_HAL_Driver/Src/stm32f1xx_hal_cortex.o
 .debug_macro   0x0001975e      0x20e ./Drivers/STM32F1xx_HAL_Driver/Src/stm32f1xx_hal_gpio.o
 .debug_macro   0x0001996c      0x1b5 ./Drivers/STM32F1xx_HAL_Driver/Src/stm32f1xx_hal_rcc.o
 .debug_macro   0x00019b21      0x1a4 ./Drivers/STM32F1xx_HAL_Driver/Src/stm32f1xx_hal_tim.o
 .debug_macro   0x00019cc5      0x1a3 ./Drivers/STM32F1xx_HAL_Driver/Src/stm32f1xx_hal_tim_ex.o
 .debug_macro   0x00019e68      0x1a4 ./Drivers/STM32F1xx_HAL_Driver/Src/stm32f1xx_hal_uart.o
 .debug_macro   0x0001a00c      0x210 ./Middlewares/Third_Party/FreeRTOS/Source/CMSIS_RTOS/cmsis_os.o
 .debug_macro   0x0001a21c       0x10 ./Middlewares/Third_Party/FreeRTOS/Source/CMSIS_RTOS/cmsis_os.o
 .debug_macro   0x0001a22c       0xab ./Middlewares/Third_Party/FreeRTOS/Source/CMSIS_RTOS/cmsis_os.o
 .debug_macro   0x0001a2d7      0x199 ./Middlewares/Third_Party/FreeRTOS/Source/list.o
 .debug_macro   0x0001a470      0x224 ./Middlewares/Third_Party/FreeRTOS/Source/queue.o
 .debug_macro   0x0001a694      0x292 ./Middlewares/Third_Party/FreeRTOS/Source/tasks.o
 .debug_macro   0x0001a926       0x10 ./Middlewares/Third_Party/FreeRTOS/Source/tasks.o
 .debug_macro   0x0001a936      0x1dc ./Middlewares/Third_Party/FreeRTOS/Source/timers.o
 .debug_macro   0x0001ab12      0x20f ./Middlewares/Third_Party/FreeRTOS/Source/portable/GCC/ARM_CM3/port.o
 .debug_macro   0x0001ad21      0x1c0 ./Middlewares/Third_Party/FreeRTOS/Source/portable/MemMang/heap_4.o

.debug_line     0x00000000    0x17ae2
 .debug_line    0x00000000      0xa58 ./Core/Src/freertos.o
 .debug_line    0x00000a58      0xc88 ./Core/Src/main.o
 .debug_line    0x000016e0      0xb1c ./Core/Src/stm32f1xx_hal_msp.o
 .debug_line    0x000021fc      0xba3 ./Core/Src/stm32f1xx_it.o
 .debug_line    0x00002d9f      0x583 ./Core/Src/sysmem.o
 .debug_line    0x00003322      0x783 ./Core/Src/system_stm32f1xx.o
 .debug_line    0x00003aa5      0x985 ./Core/Src/user-gpio.o
 .debug_line    0x0000442a      0xaa6 ./Core/Src/user-it.o
 .debug_line    0x00004ed0      0xabd ./Core/Src/user-task02.o
 .debug_line    0x0000598d      0xa5c ./Core/Src/user-task04.o
 .debug_line    0x000063e9      0x8bd ./Core/Src/user-uart.o
 .debug_line    0x00006ca6       0x78 ./Core/Startup/startup_stm32f103rbtx.o
 .debug_line    0x00006d1e      0x9b0 ./Drivers/STM32F1xx_HAL_Driver/Src/stm32f1xx_hal.o
 .debug_line    0x000076ce      0xb9c ./Drivers/STM32F1xx_HAL_Driver/Src/stm32f1xx_hal_cortex.o
 .debug_line    0x0000826a      0xa49 ./Drivers/STM32F1xx_HAL_Driver/Src/stm32f1xx_hal_gpio.o
 .debug_line    0x00008cb3      0xdb9 ./Drivers/STM32F1xx_HAL_Driver/Src/stm32f1xx_hal_rcc.o
 .debug_line    0x00009a6c     0x34ba ./Drivers/STM32F1xx_HAL_Driver/Src/stm32f1xx_hal_tim.o
 .debug_line    0x0000cf26     0x190f ./Drivers/STM32F1xx_HAL_Driver/Src/stm32f1xx_hal_tim_ex.o
 .debug_line    0x0000e835     0x28f9 ./Drivers/STM32F1xx_HAL_Driver/Src/stm32f1xx_hal_uart.o
 .debug_line    0x0001112e     0x1373 ./Middlewares/Third_Party/FreeRTOS/Source/CMSIS_RTOS/cmsis_os.o
 .debug_line    0x000124a1      0x7a0 ./Middlewares/Third_Party/FreeRTOS/Source/list.o
 .debug_line    0x00012c41     0x1564 ./Middlewares/Third_Party/FreeRTOS/Source/queue.o
 .debug_line    0x000141a5     0x1a4f ./Middlewares/Third_Party/FreeRTOS/Source/tasks.o
 .debug_line    0x00015bf4      0xc7a ./Middlewares/Third_Party/FreeRTOS/Source/timers.o
 .debug_line    0x0001686e      0x90f ./Middlewares/Third_Party/FreeRTOS/Source/portable/GCC/ARM_CM3/port.o
 .debug_line    0x0001717d      0x965 ./Middlewares/Third_Party/FreeRTOS/Source/portable/MemMang/heap_4.o

.debug_str      0x00000000    0x93efb
 .debug_str     0x00000000    0x8cfe1 ./Core/Src/freertos.o
                              0x8d3b3 (size before relaxing)
 .debug_str     0x0008cfe1      0xf4e ./Core/Src/main.o
                              0x8e354 (size before relaxing)
 .debug_str     0x0008df2f       0xb0 ./Core/Src/stm32f1xx_hal_msp.o
                              0x8d9c7 (size before relaxing)
 .debug_str     0x0008dfdf      0x15a ./Core/Src/stm32f1xx_it.o
                              0x8d520 (size before relaxing)
 .debug_str     0x0008e139      0x35c ./Core/Src/sysmem.o
                               0x60c9 (size before relaxing)
 .debug_str     0x0008e495       0x7e ./Core/Src/system_stm32f1xx.o
                              0x836d0 (size before relaxing)
 .debug_str     0x0008e513      0x1ff ./Core/Src/user-gpio.o
                              0x83c7d (size before relaxing)
 .debug_str     0x0008e712       0xca ./Core/Src/user-it.o
                              0x8d790 (size before relaxing)
 .debug_str     0x0008e7dc       0xb8 ./Core/Src/user-task02.o
                              0x8d9d8 (size before relaxing)
 .debug_str     0x0008e894      0x186 ./Core/Src/user-task04.o
                              0x8da88 (size before relaxing)
 .debug_str     0x0008ea1a       0x4d ./Core/Src/user-uart.o
                              0x8735e (size before relaxing)
 .debug_str     0x0008ea67       0x44 ./Core/Startup/startup_stm32f103rbtx.o
                                 0xd4 (size before relaxing)
 .debug_str     0x0008eaab      0x384 ./Drivers/STM32F1xx_HAL_Driver/Src/stm32f1xx_hal.o
                              0x83e03 (size before relaxing)
 .debug_str     0x0008ee2f      0x28b ./Drivers/STM32F1xx_HAL_Driver/Src/stm32f1xx_hal_cortex.o
                              0x83d4f (size before relaxing)
 .debug_str     0x0008f0ba      0x2be ./Drivers/STM32F1xx_HAL_Driver/Src/stm32f1xx_hal_gpio.o